[2026-08-03 00:00:03] [INFO] [csv_db_consistency] Running check_csv_db_consistency.py
[2026-08-03 00:00:04] [INFO] [csv_db_consistency] current db_exit_count=22 csv_exit_count=0 date=2026-08-03 csv_path=/opt/gmo-btc-ws/log/realtime_trading_log_2026-08-03.csv engine_pid=1
[2026-08-03 00:00:04] [INFO] [csv_db_consistency] Baseline refresh (date changed); comparison skipped.
[2026-08-03 00:00:04] [INFO] [csv_db_consistency] check_csv_db_consistency.py completed successfully
[2026-08-03 00:00:04] [INFO] [csv_db_consistency] Lock file removed.
[2026-08-03 01:00:03] [INFO] [csv_db_consistency] Running check_csv_db_consistency.py
[2026-08-03 01:00:04] [INFO] [csv_db_consistency] current db_exit_count=22 csv_exit_count=0 date=2026-08-03 csv_path=/opt/gmo-btc-ws/log/realtime_trading_log_2026-08-03.csv engine_pid=1
[2026-08-03 01:00:04] [INFO] [csv_db_consistency] db_delta=0 csv_delta=0 diff=0
[2026-08-03 01:00:04] [INFO] [csv_db_consistency] check_csv_db_consistency.py completed successfully
[2026-08-03 01:00:04] [INFO] [csv_db_consistency] Lock file removed.
[2026-08-03 02:00:03] [INFO] [csv_db_consistency] Running check_csv_db_consistency.py
[2026-08-03 02:00:03] [INFO] [csv_db_consistency] current db_exit_count=22 csv_exit_count=0 date=2026-08-03 csv_path=/opt/gmo-btc-ws/log/realtime_trading_log_2026-08-03.csv engine_pid=1
[2026-08-03 02:00:03] [INFO] [csv_db_consistency] db_delta=0 csv_delta=0 diff=0
[2026-08-03 02:00:03] [INFO] [csv_db_consistency] check_csv_db_consistency.py completed successfully
[2026-08-03 02:00:03] [INFO] [csv_db_consistency] Lock file removed.
[2026-08-03 03:00:02] [INFO] [csv_db_consistency] Running check_csv_db_consistency.py
[2026-08-03 03:00:02] [INFO] [csv_db_consistency] current db_exit_count=23 csv_exit_count=1 date=2026-08-03 csv_path=/opt/gmo-btc-ws/log/realtime_trading_log_2026-08-03.csv engine_pid=1
[2026-08-03 03:00:02] [INFO] [csv_db_consistency] db_delta=1 csv_delta=1 diff=0
[2026-08-03 03:00:03] [INFO] [csv_db_consistency] check_csv_db_consistency.py completed successfully
[2026-08-03 03:00:03] [INFO] [csv_db_consistency] Lock file removed.
[2026-08-03 04:00:03] [INFO] [csv_db_consistency] Running check_csv_db_consistency.py
[2026-08-03 04:00:04] [INFO] [csv_db_consistency] current db_exit_count=25 csv_exit_count=3 date=2026-08-03 csv_path=/opt/gmo-btc-ws/log/realtime_trading_log_2026-08-03.csv engine_pid=1
[2026-08-03 04:00:04] [INFO] [csv_db_consistency] db_delta=2 csv_delta=2 diff=0
[2026-08-03 04:00:04] [INFO] [csv_db_consistency] check_csv_db_consistency.py completed successfully
[2026-08-03 04:00:04] [INFO] [csv_db_consistency] Lock file removed.
[2026-08-03 05:00:03] [INFO] [csv_db_consistency] Running check_csv_db_consistency.py
[2026-08-03 05:00:03] [INFO] [csv_db_consistency] current db_exit_count=25 csv_exit_count=3 date=2026-08-03 csv_path=/opt/gmo-btc-ws/log/realtime_trading_log_2026-08-03.csv engine_pid=1
[2026-08-03 05:00:03] [INFO] [csv_db_consistency] db_delta=0 csv_delta=0 diff=0
[2026-08-03 05:00:03] [INFO] [csv_db_consistency] check_csv_db_consistency.py completed successfully
[2026-08-03 05:00:03] [INFO] [csv_db_consistency] Lock file removed.
[2026-08-03 06:00:03] [INFO] [csv_db_consistency] Running check_csv_db_consistency.py
[2026-08-03 06:00:03] [INFO] [csv_db_consistency] current db_exit_count=25 csv_exit_count=3 date=2026-08-03 csv_path=/opt/gmo-btc-ws/log/realtime_trading_log_2026-08-03.csv engine_pid=1
[2026-08-03 06:00:03] [INFO] [csv_db_consistency] db_delta=0 csv_delta=0 diff=0
[2026-08-03 06:00:03] [INFO] [csv_db_consistency] check_csv_db_consistency.py completed successfully
[2026-08-03 06:00:03] [INFO] [csv_db_consistency] Lock file removed.
[2026-08-03 07:00:03] [INFO] [csv_db_consistency] Running check_csv_db_consistency.py
[2026-08-03 07:00:03] [INFO] [csv_db_consistency] current db_exit_count=25 csv_exit_count=3 date=2026-08-03 csv_path=/opt/gmo-btc-ws/log/realtime_trading_log_2026-08-03.csv engine_pid=1
[2026-08-03 07:00:03] [INFO] [csv_db_consistency] db_delta=0 csv_delta=0 diff=0
[2026-08-03 07:00:03] [INFO] [csv_db_consistency] check_csv_db_consistency.py completed successfully
[2026-08-03 07:00:03] [INFO] [csv_db_consistency] Lock file removed.
[2026-08-03 08:00:03] [INFO] [csv_db_consistency] Running check_csv_db_consistency.py
[2026-08-03 08:00:03] [INFO] [csv_db_consistency] current db_exit_count=28 csv_exit_count=6 date=2026-08-03 csv_path=/opt/gmo-btc-ws/log/realtime_trading_log_2026-08-03.csv engine_pid=1
[2026-08-03 08:00:03] [INFO] [csv_db_consistency] db_delta=3 csv_delta=3 diff=0
[2026-08-03 08:00:03] [INFO] [csv_db_consistency] check_csv_db_consistency.py completed successfully
[2026-08-03 08:00:03] [INFO] [csv_db_consistency] Lock file removed.
[2026-08-03 09:00:03] [INFO] [csv_db_consistency] Running check_csv_db_consistency.py
[2026-08-03 09:00:03] [INFO] [csv_db_consistency] current db_exit_count=31 csv_exit_count=9 date=2026-08-03 csv_path=/opt/gmo-btc-ws/log/realtime_trading_log_2026-08-03.csv engine_pid=1
[2026-08-03 09:00:03] [INFO] [csv_db_consistency] db_delta=3 csv_delta=3 diff=0
[2026-08-03 09:00:03] [INFO] [csv_db_consistency] check_csv_db_consistency.py completed successfully
[2026-08-03 09:00:03] [INFO] [csv_db_consistency] Lock file removed.
[2026-08-03 10:00:03] [INFO] [csv_db_consistency] Running check_csv_db_consistency.py
[2026-08-03 10:00:03] [INFO] [csv_db_consistency] current db_exit_count=37 csv_exit_count=15 date=2026-08-03 csv_path=/opt/gmo-btc-ws/log/realtime_trading_log_2026-08-03.csv engine_pid=1
[2026-08-03 10:00:03] [INFO] [csv_db_consistency] db_delta=6 csv_delta=6 diff=0
[2026-08-03 10:00:03] [INFO] [csv_db_consistency] check_csv_db_consistency.py completed successfully
[2026-08-03 10:00:03] [INFO] [csv_db_consistency] Lock file removed.
[2026-08-03 11:00:03] [INFO] [csv_db_consistency] Running check_csv_db_consistency.py
[2026-08-03 11:00:03] [INFO] [csv_db_consistency] current db_exit_count=38 csv_exit_count=16 date=2026-08-03 csv_path=/opt/gmo-btc-ws/log/realtime_trading_log_2026-08-03.csv engine_pid=1
[2026-08-03 11:00:03] [INFO] [csv_db_consistency] db_delta=1 csv_delta=1 diff=0
[2026-08-03 11:00:03] [INFO] [csv_db_consistency] check_csv_db_consistency.py completed successfully
[2026-08-03 11:00:03] [INFO] [csv_db_consistency] Lock file removed.
[2026-08-03 12:00:03] [INFO] [csv_db_consistency] Running check_csv_db_consistency.py
[2026-08-03 12:00:04] [INFO] [csv_db_consistency] current db_exit_count=39 csv_exit_count=17 date=2026-08-03 csv_path=/opt/gmo-btc-ws/log/realtime_trading_log_2026-08-03.csv engine_pid=1
[2026-08-03 12:00:04] [INFO] [csv_db_consistency] db_delta=1 csv_delta=1 diff=0
[2026-08-03 12:00:04] [INFO] [csv_db_consistency] check_csv_db_consistency.py completed successfully
[2026-08-03 12:00:04] [INFO] [csv_db_consistency] Lock file removed.
[2026-08-03 13:00:02] [INFO] [csv_db_consistency] Running check_csv_db_consistency.py
[2026-08-03 13:00:02] [INFO] [csv_db_consistency] current db_exit_count=42 csv_exit_count=21 date=2026-08-03 csv_path=/opt/gmo-btc-ws/log/realtime_trading_log_2026-08-03.csv engine_pid=1
[2026-08-03 13:00:02] [INFO] [csv_db_consistency] db_delta=3 csv_delta=4 diff=-1
[2026-08-03 13:00:03] [WARNING] [csv_db_consistency] Consistency mismatch alert sent.
[2026-08-03 13:00:03] [INFO] [csv_db_consistency] check_csv_db_consistency.py completed successfully
[2026-08-03 13:00:03] [INFO] [csv_db_consistency] Lock file removed.
[2026-08-03 14:00:03] [INFO] [csv_db_consistency] Running check_csv_db_consistency.py
[2026-08-03 14:00:03] [INFO] [csv_db_consistency] current db_exit_count=44 csv_exit_count=22 date=2026-08-03 csv_path=/opt/gmo-btc-ws/log/realtime_trading_log_2026-08-03.csv engine_pid=1
[2026-08-03 14:00:03] [INFO] [csv_db_consistency] db_delta=2 csv_delta=1 diff=1
[2026-08-03 14:00:05] [WARNING] [csv_db_consistency] Consistency mismatch alert sent.
[2026-08-03 14:00:05] [INFO] [csv_db_consistency] check_csv_db_consistency.py completed successfully
[2026-08-03 14:00:05] [INFO] [csv_db_consistency] Lock file removed.
[2026-08-03 15:00:03] [INFO] [csv_db_consistency] Running check_csv_db_consistency.py
[2026-08-03 15:00:03] [INFO] [csv_db_consistency] current db_exit_count=44 csv_exit_count=22 date=2026-08-03 csv_path=/opt/gmo-btc-ws/log/realtime_trading_log_2026-08-03.csv engine_pid=1
[2026-08-03 15:00:03] [INFO] [csv_db_consistency] db_delta=0 csv_delta=0 diff=0
[2026-08-03 15:00:04] [INFO] [csv_db_consistency] check_csv_db_consistency.py completed successfully
[2026-08-03 15:00:04] [INFO] [csv_db_consistency] Lock file removed.
[2026-08-03 16:00:03] [INFO] [csv_db_consistency] Running check_csv_db_consistency.py
[2026-08-03 16:00:03] [INFO] [csv_db_consistency] current db_exit_count=44 csv_exit_count=22 date=2026-08-03 csv_path=/opt/gmo-btc-ws/log/realtime_trading_log_2026-08-03.csv engine_pid=1
[2026-08-03 16:00:03] [INFO] [csv_db_consistency] db_delta=0 csv_delta=0 diff=0
[2026-08-03 16:00:03] [INFO] [csv_db_consistency] check_csv_db_consistency.py completed successfully
[2026-08-03 16:00:04] [INFO] [csv_db_consistency] Lock file removed.
[2026-08-03 17:00:03] [INFO] [csv_db_consistency] Running check_csv_db_consistency.py
[2026-08-03 17:00:04] [INFO] [csv_db_consistency] current db_exit_count=45 csv_exit_count=23 date=2026-08-03 csv_path=/opt/gmo-btc-ws/log/realtime_trading_log_2026-08-03.csv engine_pid=1
[2026-08-03 17:00:04] [INFO] [csv_db_consistency] db_delta=1 csv_delta=1 diff=0
[2026-08-03 17:00:04] [INFO] [csv_db_consistency] check_csv_db_consistency.py completed successfully
[2026-08-03 17:00:04] [INFO] [csv_db_consistency] Lock file removed.
[2026-08-03 18:00:03] [INFO] [csv_db_consistency] Running check_csv_db_consistency.py
[2026-08-03 18:00:04] [INFO] [csv_db_consistency] current db_exit_count=46 csv_exit_count=24 date=2026-08-03 csv_path=/opt/gmo-btc-ws/log/realtime_trading_log_2026-08-03.csv engine_pid=1
[2026-08-03 18:00:04] [INFO] [csv_db_consistency] db_delta=1 csv_delta=1 diff=0
[2026-08-03 18:00:04] [INFO] [csv_db_consistency] check_csv_db_consistency.py completed successfully
[2026-08-03 18:00:04] [INFO] [csv_db_consistency] Lock file removed.
[2026-08-03 19:00:03] [INFO] [csv_db_consistency] Running check_csv_db_consistency.py
[2026-08-03 19:00:03] [INFO] [csv_db_consistency] current db_exit_count=48 csv_exit_count=26 date=2026-08-03 csv_path=/opt/gmo-btc-ws/log/realtime_trading_log_2026-08-03.csv engine_pid=1
[2026-08-03 19:00:03] [INFO] [csv_db_consistency] db_delta=2 csv_delta=2 diff=0
[2026-08-03 19:00:04] [INFO] [csv_db_consistency] check_csv_db_consistency.py completed successfully
[2026-08-03 19:00:04] [INFO] [csv_db_consistency] Lock file removed.
[2026-08-03 20:00:02] [INFO] [csv_db_consistency] Running check_csv_db_consistency.py
[2026-08-03 20:00:02] [INFO] [csv_db_consistency] current db_exit_count=48 csv_exit_count=26 date=2026-08-03 csv_path=/opt/gmo-btc-ws/log/realtime_trading_log_2026-08-03.csv engine_pid=1
[2026-08-03 20:00:02] [INFO] [csv_db_consistency] db_delta=0 csv_delta=0 diff=0
[2026-08-03 20:00:02] [INFO] [csv_db_consistency] check_csv_db_consistency.py completed successfully
[2026-08-03 20:00:02] [INFO] [csv_db_consistency] Lock file removed.
