[06:08:59] [OK] [REAL-TP] SL cancel benign (already done); skip market close orderId=8775331871 codes=['ERR-5122']
[06:08:59] [OK] [REAL-TP] SL cancel benign (already done); skip market close orderId=8775331871 codes=['ERR-5122']
[06:09:00] [OK] [REAL-TP] SL cancel benign (already done); skip market close orderId=8775331871 codes=['ERR-5122']
[06:09:00] [OK] [REAL-TP] SL cancel benign (already done); skip market close orderId=8775331871 codes=['ERR-5122']
[06:09:01] [OK] [REAL-TP] SL cancel benign (already done); skip market close orderId=8775331871 codes=['ERR-5122']
[06:09:01] [OK] [REAL-TP] SL cancel benign (already done); skip market close orderId=8775331871 codes=['ERR-5122']
[06:09:02] [OK] [REAL-TP] SL cancel benign (already done); skip market close orderId=8775331871 codes=['ERR-5122']
[06:09:02] [OK] [REAL-TP] SL cancel benign (already done); skip market close orderId=8775331871 codes=['ERR-5122']
[06:09:03] [OK] [REAL-TP] SL cancel benign (already done); skip market close orderId=8775331871 codes=['ERR-5122']
[06:09:03] [OK] [REAL-TP] SL cancel benign (already done); skip market close orderId=8775331871 codes=['ERR-5122']
[06:09:04] [OK] [REAL-TP] SL cancel benign (already done); skip market close orderId=8775331871 codes=['ERR-5122']
[06:09:04] [OK] [REAL-TP] SL cancel benign (already done); skip market close orderId=8775331871 codes=['ERR-5122']
[06:09:05] [OK] [REAL-TP] SL cancel benign (already done); skip market close orderId=8775331871 codes=['ERR-5122']
[06:09:05] [OK] [REAL-TP] SL cancel benign (already done); skip market close orderId=8775331871 codes=['ERR-5122']
[06:09:06] [OK] [REAL-TP] SL cancel benign (already done); skip market close orderId=8775331871 codes=['ERR-5122']
[06:09:07] [OK] [REAL-TP] SL cancel benign (already done); skip market close orderId=8775331871 codes=['ERR-5122']
[06:09:07] [OK] [REAL-TP] SL cancel benign (already done); skip market close orderId=8775331871 codes=['ERR-5122']
[06:09:08] [OK] [REAL-TP] SL cancel benign (already done); skip market close orderId=8775331871 codes=['ERR-5122']
[06:09:09] [OK] [REAL-TP] SL cancel benign (already done); skip market close orderId=8775331871 codes=['ERR-5122']
[06:09:13] [OK] [REAL-TP] SL cancel benign (already done); skip market close orderId=8775331871 codes=['ERR-5122']
[06:09:14] [OK] [REAL-TP] SL cancel benign (already done); skip market close orderId=8775331871 codes=['ERR-5122']
[06:09:14] [OK] [REAL-TP] SL cancel benign (already done); skip market close orderId=8775331871 codes=['ERR-5122']
[06:09:14] [OK] [REAL-TP] SL cancel benign (already done); skip market close orderId=8775331871 codes=['ERR-5122']
[06:09:14] [OK] [REAL-TP] SL cancel benign (already done); skip market close orderId=8775331871 codes=['ERR-5122']
[06:09:14] [OK] [REAL-TP] SL cancel benign (already done); skip market close orderId=8775331871 codes=['ERR-5122']
[06:09:14] [OK] [REAL-TP] SL cancel benign (already done); skip market close orderId=8775331871 codes=['ERR-5122']
[06:09:14] [OK] [REAL-TP] SL cancel benign (already done); skip market close orderId=8775331871 codes=['ERR-5122']
[06:09:14] [OK] [REAL-TP] SL cancel benign (already done); skip market close orderId=8775331871 codes=['ERR-5122']
[06:09:14] [OK] [REAL-TP] SL cancel benign (already done); skip market close orderId=8775331871 codes=['ERR-5122']
[06:09:14] [OK] [REAL-TP] SL cancel benign (already done); skip market close orderId=8775331871 codes=['ERR-5122']
[06:09:15] [OK] [REAL-TP] SL cancel benign (already done); skip market close orderId=8775331871 codes=['ERR-5122']
[CRITICAL] REAL MODE BOARD TP SL CANCEL FAILED
detail=SL cancel failed; position may be unprotected
side=LONG
position_id=289599412
sl_order_id=8775331871
error=GMO API error status=1 messages=[{'message_code': 'ERR-5008', 'message_string': 'Timestamp for this request is too late.'}]
[06:09:31] [OK] [REAL-TP] SL cancel benign (already done); skip market close orderId=8775331871 codes=['ERR-5122']
[06:09:31] [OK] [REAL-TP] SL cancel benign (already done); skip market close orderId=8775331871 codes=['ERR-5122']
[06:09:31] [OK] [REAL-TP] SL cancel benign (already done); skip market close orderId=8775331871 codes=['ERR-5122']
[06:09:31] [OK] [REAL-TP] SL cancel benign (already done); skip market close orderId=8775331871 codes=['ERR-5122']
[06:09:31] [OK] [REAL-TP] SL cancel benign (already done); skip market close orderId=8775331871 codes=['ERR-5122']
[06:09:31] [OK] [REAL-TP] SL cancel benign (already done); skip market close orderId=8775331871 codes=['ERR-5122']
[06:09:31] [OK] [REAL-TP] SL cancel benign (already done); skip market close orderId=8775331871 codes=['ERR-5122']
[06:09:31] [OK] [REAL-TP] SL cancel benign (already done); skip market close orderId=8775331871 codes=['ERR-5122']
[06:09:31] [OK] [REAL-TP] SL cancel benign (already done); skip market close orderId=8775331871 codes=['ERR-5122']
[06:09:31] [OK] [REAL-TP] SL cancel benign (already done); skip market close orderId=8775331871 codes=['ERR-5122']
[06:09:31] [OK] [REAL-TP] SL cancel benign (already done); skip market close orderId=8775331871 codes=['ERR-5122']
[06:09:32] [OK] [REAL-TP] SL cancel benign (already done); skip market close orderId=8775331871 codes=['ERR-5122']
[06:09:32] [OK] [REAL-TP] SL cancel benign (already done); skip market close orderId=8775331871 codes=['ERR-5122']
[06:09:32] [OK] [REAL-TP] SL cancel benign (already done); skip market close orderId=8775331871 codes=['ERR-5122']
[06:09:32] [OK] [REAL-TP] SL cancel benign (already done); skip market close orderId=8775331871 codes=['ERR-5122']
[06:09:32] [OK] [REAL-TP] SL cancel benign (already done); skip market close orderId=8775331871 codes=['ERR-5122']
[06:09:32] [OK] [REAL-TP] SL cancel benign (already done); skip market close orderId=8775331871 codes=['ERR-5122']
[06:09:32] [OK] [REAL-TP] SL cancel benign (already done); skip market close orderId=8775331871 codes=['ERR-5122']
[06:09:32] [OK] [REAL-TP] SL cancel benign (already done); skip market close orderId=8775331871 codes=['ERR-5122']
[06:09:32] [OK] [REAL-TP] SL cancel benign (already done); skip market close orderId=8775331871 codes=['ERR-5122']
[06:09:32] [OK] [REAL-TP] SL cancel benign (already done); skip market close orderId=8775331871 codes=['ERR-5122']
[06:09:32] [OK] [REAL-TP] SL cancel benign (already done); skip market close orderId=8775331871 codes=['ERR-5122']
[06:09:32] [OK] [REAL-TP] SL cancel benign (already done); skip market close orderId=8775331871 codes=['ERR-5122']
[06:09:32] [OK] [REAL-TP] SL cancel benign (already done); skip market close orderId=8775331871 codes=['ERR-5122']
[06:09:32] [OK] [REAL-TP] SL cancel benign (already done); skip market close orderId=8775331871 codes=['ERR-5122']
[06:09:33] [OK] [REAL-TP] SL cancel benign (already done); skip market close orderId=8775331871 codes=['ERR-5122']
[06:09:33] [OK] [REAL-TP] SL cancel benign (already done); skip market close orderId=8775331871 codes=['ERR-5122']
[06:09:33] [OK] [REAL-TP] SL cancel benign (already done); skip market close orderId=8775331871 codes=['ERR-5122']
[06:09:33] [OK] [REAL-TP] SL cancel benign (already done); skip market close orderId=8775331871 codes=['ERR-5122']
[06:09:33] [OK] [REAL-TP] SL cancel benign (already done); skip market close orderId=8775331871 codes=['ERR-5122']
[06:09:33] [OK] [REAL-TP] SL cancel benign (already done); skip market close orderId=8775331871 codes=['ERR-5122']
[06:09:33] [OK] [REAL-TP] SL cancel benign (already done); skip market close orderId=8775331871 codes=['ERR-5122']
[06:09:33] [OK] [REAL-TP] SL cancel benign (already done); skip market close orderId=8775331871 codes=['ERR-5122']
[06:09:33] [OK] [REAL-TP] SL cancel benign (already done); skip market close orderId=8775331871 codes=['ERR-5122']
[06:09:33] [OK] [REAL-TP] SL cancel benign (already done); skip market close orderId=8775331871 codes=['ERR-5122']
[06:09:33] [OK] [REAL-TP] SL cancel benign (already done); skip market close orderId=8775331871 codes=['ERR-5122']
[06:09:34] [OK] [REAL-TP] SL cancel benign (already done); skip market close orderId=8775331871 codes=['ERR-5122']
[06:09:34] [OK] [REAL-TP] SL cancel benign (already done); skip market close orderId=8775331871 codes=['ERR-5122']
[06:09:35] [OK] [REAL-TP] SL cancel benign (already done); skip market close orderId=8775331871 codes=['ERR-5122']
[06:09:35] [OK] [REAL-TP] SL cancel benign (already done); skip market close orderId=8775331871 codes=['ERR-5122']
[06:09:36] [OK] [REAL-TP] SL cancel benign (already done); skip market close orderId=8775331871 codes=['ERR-5122']
[06:09:36] [OK] [REAL-TP] SL cancel benign (already done); skip market close orderId=8775331871 codes=['ERR-5122']
[06:09:37] [OK] [REAL-TP] SL cancel benign (already done); skip market close orderId=8775331871 codes=['ERR-5122']
[06:09:37] [OK] [REAL-TP] SL cancel benign (already done); skip market close orderId=8775331871 codes=['ERR-5122']
[06:09:38] [OK] [REAL-TP] SL cancel benign (already done); skip market close orderId=8775331871 codes=['ERR-5122']
[06:09:38] [OK] [REAL-TP] SL cancel benign (already done); skip market close orderId=8775331871 codes=['ERR-5122']
[06:09:39] [OK] [REAL-TP] SL cancel benign (already done); skip market close orderId=8775331871 codes=['ERR-5122']
[06:09:40] [OK] [REAL-TP] SL cancel benign (already done); skip market close orderId=8775331871 codes=['ERR-5122']
[06:09:40] [OK] [REAL-TP] SL cancel benign (already done); skip market close orderId=8775331871 codes=['ERR-5122']
[06:09:41] [OK] [REAL-TP] SL cancel benign (already done); skip market close orderId=8775331871 codes=['ERR-5122']
[06:09:41] [OK] [REAL-TP] SL cancel benign (already done); skip market close orderId=8775331871 codes=['ERR-5122']
[06:09:42] [OK] [REAL-TP] SL cancel benign (already done); skip market close orderId=8775331871 codes=['ERR-5122']
[06:09:42] [OK] [REAL-TP] SL cancel benign (already done); skip market close orderId=8775331871 codes=['ERR-5122']
[06:09:43] [OK] [REAL-TP] SL cancel benign (already done); skip market close orderId=8775331871 codes=['ERR-5122']
[06:09:43] [OK] [REAL-TP] SL cancel benign (already done); skip market close orderId=8775331871 codes=['ERR-5122']
[06:09:44] [OK] [REAL-TP] SL cancel benign (already done); skip market close orderId=8775331871 codes=['ERR-5122']
[06:09:44] [OK] [REAL-TP] SL cancel benign (already done); skip market close orderId=8775331871 codes=['ERR-5122']
[06:09:45] [OK] [REAL-TP] SL cancel benign (already done); skip market close orderId=8775331871 codes=['ERR-5122']
[06:09:45] [OK] [REAL-TP] SL cancel benign (already done); skip market close orderId=8775331871 codes=['ERR-5122']
[06:09:45] [OK] [REAL-TP] SL cancel benign (already done); skip market close orderId=8775331871 codes=['ERR-5122']
[06:09:46] [OK] [REAL-TP] SL cancel benign (already done); skip market close orderId=8775331871 codes=['ERR-5122']
[06:09:46] [OK] [REAL-TP] SL cancel benign (already done); skip market close orderId=8775331871 codes=['ERR-5122']
[06:09:47] [OK] [REAL-TP] SL cancel benign (already done); skip market close orderId=8775331871 codes=['ERR-5122']
[06:09:47] [OK] [REAL-TP] SL cancel benign (already done); skip market close orderId=8775331871 codes=['ERR-5122']
[06:09:48] [OK] [REAL-TP] SL cancel benign (already done); skip market close orderId=8775331871 codes=['ERR-5122']
[06:09:48] [OK] [REAL-TP] SL cancel benign (already done); skip market close orderId=8775331871 codes=['ERR-5122']
[06:09:49] [OK] [REAL-TP] SL cancel benign (already done); skip market close orderId=8775331871 codes=['ERR-5122']
[06:09:49] [OK] [REAL-TP] SL cancel benign (already done); skip market close orderId=8775331871 codes=['ERR-5122']
[06:09:50] [OK] [REAL-TP] SL cancel benign (already done); skip market close orderId=8775331871 codes=['ERR-5122']
[06:09:50] [OK] [REAL-TP] SL cancel benign (already done); skip market close orderId=8775331871 codes=['ERR-5122']
[06:09:50] [OK] [REAL-TP] SL cancel benign (already done); skip market close orderId=8775331871 codes=['ERR-5122']
[06:09:51] [OK] [REAL-TP] SL cancel benign (already done); skip market close orderId=8775331871 codes=['ERR-5122']
[06:09:52] [OK] [REAL-TP] SL cancel benign (already done); skip market close orderId=8775331871 codes=['ERR-5122']
[06:09:52] [OK] [REAL-TP] SL cancel benign (already done); skip market close orderId=8775331871 codes=['ERR-5122']
[06:09:53] [OK] [REAL-TP] SL cancel benign (already done); skip market close orderId=8775331871 codes=['ERR-5122']
[06:09:53] [OK] [REAL-TP] SL cancel benign (already done); skip market close orderId=8775331871 codes=['ERR-5122']
[06:09:54] [OK] [REAL-TP] SL cancel benign (already done); skip market close orderId=8775331871 codes=['ERR-5122']
[06:09:54] [OK] [REAL-TP] SL cancel benign (already done); skip market close orderId=8775331871 codes=['ERR-5122']
[06:09:55] [OK] [REAL-TP] SL cancel benign (already done); skip market close orderId=8775331871 codes=['ERR-5122']
[06:09:55] [OK] [REAL-TP] SL cancel benign (already done); skip market close orderId=8775331871 codes=['ERR-5122']
[06:09:55] [OK] [REAL-TP] SL cancel benign (already done); skip market close orderId=8775331871 codes=['ERR-5122']
[06:09:56] [OK] [REAL-TP] SL cancel benign (already done); skip market close orderId=8775331871 codes=['ERR-5122']
[06:09:56] [OK] [REAL-TP] SL cancel benign (already done); skip market close orderId=8775331871 codes=['ERR-5122']
[06:09:57] [OK] [REAL-TP] SL cancel benign (already done); skip market close orderId=8775331871 codes=['ERR-5122']
[06:09:57] [OK] [REAL-TP] SL cancel benign (already done); skip market close orderId=8775331871 codes=['ERR-5122']
[06:09:58] [OK] [REAL-TP] SL cancel benign (already done); skip market close orderId=8775331871 codes=['ERR-5122']
[06:09:58] [OK] [REAL-TP] SL cancel benign (already done); skip market close orderId=8775331871 codes=['ERR-5122']
[06:09:59] [OK] [REAL-TP] SL cancel benign (already done); skip market close orderId=8775331871 codes=['ERR-5122']
[06:09:59] [OK] [REAL-TP] SL cancel benign (already done); skip market close orderId=8775331871 codes=['ERR-5122']
[06:10:00] [OK] [REAL-TP] SL cancel benign (already done); skip market close orderId=8775331871 codes=['ERR-5122']
[06:10:00] [OK] [REAL-TP] SL cancel benign (already done); skip market close orderId=8775331871 codes=['ERR-5122']
[06:10:00] [OK] [REAL-TP] SL cancel benign (already done); skip market close orderId=8775331871 codes=['ERR-5122']
[06:10:01] [OK] [REAL-TP] SL cancel benign (already done); skip market close orderId=8775331871 codes=['ERR-5122']
[06:10:01] [OK] [REAL-TP] SL cancel benign (already done); skip market close orderId=8775331871 codes=['ERR-5122']
[06:10:02] [OK] [REAL-TP] SL cancel benign (already done); skip market close orderId=8775331871 codes=['ERR-5122']
[06:10:02] [OK] [REAL-TP] SL cancel benign (already done); skip market close orderId=8775331871 codes=['ERR-5122']
[06:10:03] [OK] [REAL-TP] SL cancel benign (already done); skip market close orderId=8775331871 codes=['ERR-5122']
[06:10:03] [OK] [REAL-TP] SL cancel benign (already done); skip market close orderId=8775331871 codes=['ERR-5122']
[06:10:04] [OK] [REAL-TP] SL cancel benign (already done); skip market close orderId=8775331871 codes=['ERR-5122']
[06:10:04] [OK] [REAL-TP] SL cancel benign (already done); skip market close orderId=8775331871 codes=['ERR-5122']
[06:10:05] [OK] [REAL-TP] SL cancel benign (already done); skip market close orderId=8775331871 codes=['ERR-5122']
[06:10:05] [OK] [REAL-TP] SL cancel benign (already done); skip market close orderId=8775331871 codes=['ERR-5122']
[06:10:06] [OK] [REAL-TP] SL cancel benign (already done); skip market close orderId=8775331871 codes=['ERR-5122']
[06:10:06] [OK] [REAL-TP] SL cancel benign (already done); skip market close orderId=8775331871 codes=['ERR-5122']
[06:10:06] [OK] [REAL-TP] SL cancel benign (already done); skip market close orderId=8775331871 codes=['ERR-5122']
[06:10:07] [OK] [REAL-TP] SL cancel benign (already done); skip market close orderId=8775331871 codes=['ERR-5122']
[06:10:07] [OK] [REAL-TP] SL cancel benign (already done); skip market close orderId=8775331871 codes=['ERR-5122']
[WARNING] [ALERT] circuit breaker safety stop
reason=reconciliation_mismatch
triggered_at=2026-08-03T06:10:08
balance_diff_jpy=1.9879999999975553
internal_jpy_balance=55162.012
internal_position_size_btc=0.001
position_diff_btc=0.001
real_jpy_balance=55164.0
real_position_size_btc=0.0
manual_stop.flag created
[06:10:08] [WARN] [FORCE-CLOSE: real] start  side=LONG pending=False  tp_order_id=None sl_order_id=8775331871
[06:10:08] [OK] [FORCE-CLOSE: real] cancel sl skipped (already done) orderId=8775331871 codes=['ERR-5122']
[06:10:08] [OK] [FORCE-CLOSE: real] no open positions; skip closeOrder
[06:10:08] [OK] [FORCE-CLOSE: real] synced jpy_balance from equity_jpy=55,164
[WARNING] [Maintenance] 螳壽悄繝｡繝ｳ繝・リ繝ｳ繧ｹ縺ｮ縺溘ａ蠕・ｩ滉ｸｭ・域ｯ取律 05:55-06:30 JST・峨・[Engine] manual stop requested and position is flat. entering PAUSED wait loop (process stays alive).
[PrivateWebSocketManager] ws-auth token 繧貞炎髯､縺励∪縺励◆縲・[WebSocketManager] 豁｣蟶ｸ蛻・妙 (code=None)
[WebSocketManager] 蜀肴磁邯壹Ν繝ｼ繝励ｒ邨ゆｺ・＠縺ｾ縺励◆縲・[PrivateWebSocketManager] 豁｣蟶ｸ蛻・妙 (code=None)
[PrivateWebSocketManager] 蜀肴磁邯壹Ν繝ｼ繝励ｒ邨ゆｺ・＠縺ｾ縺励◆縲・[Engine] manual_stop.flag cleared; resuming from PAUSED
[Engine] resumed to RUNNING
[PrivateWebSocketManager] ws-auth token 繧貞叙蠕励＠縺ｾ縺励◆縲・[WebSocketManager] 謗･邯壹＠縺ｾ縺励◆縲よ攸諠・ｱ繝ｻ邏・ｮ夐夂衍繧定ｳｼ隱ｭ髢句ｧ・..
[PrivateWebSocketManager] 謗･邯壹＠縺ｾ縺励◆縲ＦxecutionEvents/orderEvents 繧定ｳｼ隱ｭ髢句ｧ・..
[Maintenance] 繝｡繝ｳ繝・リ繝ｳ繧ｹ蛻ｶ髯舌ｒ隗｣髯､縲る壼ｸｸ蜿門ｼ輔ｒ蜀埼幕縺励∪縺吶・
