[-] [09:47:31] BUY (TAKER)  萓｡譬ｼ:     9,849,144 蜀・ 謨ｰ驥・ 0.001000 BTC  謳咲寢:        -17 蜀・ 謇区焚譁・ +0 蜀・ Imbalance: 100.0%  [STOP_LOSS]  | total_assets:        55,171 JPY  | realized_pnl:     +5,171 JPY
[09:47:31] [OK] [REAL-EXIT] STOP_LOSS @ 9,849,144 JPY  size=0.0010 BTC  pnl=-17 JPY
[09:47:31] [OK] [REAL-SL] synced jpy_balance from equity_jpy=55,171
[+] [09:47:31] BUY (MAKER)  萓｡譬ｼ:     9,850,958 蜀・ 謨ｰ驥・ 0.001000 BTC  謳咲寢: +         0 蜀・ 謇区焚譁・ +0 蜀・ Imbalance: 100.0%  [ENTRY_PENDING]  | total_assets:        55,171 JPY  | realized_pnl:     +5,171 JPY
[09:47:31] [OK] [REAL-ORDER] LONG orderId=8776062803 @ 9,850,958 JPY  size=0.0010 BTC  pending=True
[09:47:31] [OK] real entry cancel benign and no open position; treat as cancelled orderId=8776062803 context=IMBALANCE_REVERSAL
[+] [09:47:31] BUY (MAKER)  萓｡譬ｼ:     9,850,958 蜀・ 謨ｰ驥・ 0.001000 BTC  謳咲寢: +         0 蜀・ 謇区焚譁・ +0 蜀・ Imbalance: 13.1%  [CANCEL_ORDER]  | total_assets:        55,171 JPY  | realized_pnl:     +5,171 JPY
[09:47:31] [WARN] [ORDER-CANCEL]  side=LONG  limit=9,850,958 JPY  imbalance=13.1%  cancel_reason=IMBALANCE_REVERSAL
[WARNING] [ALERT] circuit breaker safety stop
reason=order_rate_limit
triggered_at=2026-08-03T09:47:32
order_rate_limit_per_minute=5
recent_order_count=6
manual_stop.flag created
[Engine] manual stop requested and position is flat. entering PAUSED wait loop (process stays alive).
[PrivateWebSocketManager] 豁｣蟶ｸ蛻・妙 (code=None)
[PrivateWebSocketManager] 蜀肴磁邯壹Ν繝ｼ繝励ｒ邨ゆｺ・＠縺ｾ縺励◆縲・[PrivateWebSocketManager] ws-auth token 繧貞炎髯､縺励∪縺励◆縲・[WebSocketManager] 豁｣蟶ｸ蛻・妙 (code=None)
[WebSocketManager] 蜀肴磁邯壹Ν繝ｼ繝励ｒ邨ゆｺ・＠縺ｾ縺励◆縲・[Engine] manual_stop.flag cleared; resuming from PAUSED
[Engine] resumed to RUNNING
[WebSocketManager] 謗･邯壹＠縺ｾ縺励◆縲よ攸諠・ｱ繝ｻ邏・ｮ夐夂衍繧定ｳｼ隱ｭ髢句ｧ・..
[PrivateWebSocketManager] ws-auth token 繧貞叙蠕励＠縺ｾ縺励◆縲・[PrivateWebSocketManager] 謗･邯壹＠縺ｾ縺励◆縲ＦxecutionEvents/orderEvents 繧定ｳｼ隱ｭ髢句ｧ・..
[Maintenance] 繝｡繝ｳ繝・リ繝ｳ繧ｹ蛻ｶ髯舌ｒ隗｣髯､縲る壼ｸｸ蜿門ｼ輔ｒ蜀埼幕縺励∪縺吶・[+] [10:06:13] BUY (MAKER)  萓｡譬ｼ:     9,897,051 蜀・ 謨ｰ驥・ 0.001000 BTC  謳咲寢: +         0 蜀・ 謇区焚譁・ +0 蜀・ Imbalance: 99.3%  [ENTRY_PENDING]  | total_assets:        55,171 JPY  | realized_pnl:     +5,171 JPY
[10:06:13] [OK] [REAL-ORDER] LONG orderId=8776128509 @ 9,897,051 JPY  size=0.0010 BTC  pending=True
[10:06:21] [OK] real entry cancel benign and no open position; treat as cancelled orderId=8776128509 context=IMBALANCE_REVERSAL
[+] [10:06:22] BUY (MAKER)  萓｡譬ｼ:     9,897,051 蜀・ 謨ｰ驥・ 0.001000 BTC  謳咲寢: +         0 蜀・ 謇区焚譁・ +0 蜀・ Imbalance: 12.5%  [CANCEL_ORDER]  | total_assets:        55,171 JPY  | realized_pnl:     +5,171 JPY
[10:06:22] [WARN] [ORDER-CANCEL]  side=LONG  limit=9,897,051 JPY  imbalance=12.5%  cancel_reason=IMBALANCE_REVERSAL
[SKIP] entry blocked by imbalance any-side cooldown: elapsed=0.847 cooldown_sec=1.5
[SKIP] entry blocked by imbalance any-side cooldown: elapsed=1.354 cooldown_sec=1.5
[+] [10:06:24] SELL(MAKER)  萓｡譬ｼ:     9,894,079 蜀・ 謨ｰ驥・ 0.001000 BTC  謳咲寢: +         0 蜀・ 謇区焚譁・ +0 蜀・ Imbalance: 0.1%  [ENTRY_PENDING]  | total_assets:        55,171 JPY  | realized_pnl:     +5,171 JPY
[10:06:24] [OK] [REAL-ORDER] SHORT orderId=8776141490 @ 9,894,079 JPY  size=0.0010 BTC  pending=True
[10:06:48] [OK] real entry cancel accepted: orderId=8776141490 context=IMBALANCE_REVERSAL
