[SKIP] entry blocked by imbalance any-side cooldown: elapsed=0.354 cooldown_sec=1.5
[SKIP] entry blocked by imbalance any-side cooldown: elapsed=0.861 cooldown_sec=1.5
[SKIP] entry blocked by imbalance any-side cooldown: elapsed=1.366 cooldown_sec=1.5
[+] [16:25:37] SELL(MAKER)  萓｡譬ｼ:     9,815,119 蜀・ 謨ｰ驥・ 0.001000 BTC  謳咲寢: +         0 蜀・ 謇区焚譁・ +0 蜀・ Imbalance: 3.0%  [ENTRY_PENDING]  | total_assets:        55,197 JPY  | realized_pnl:     +5,197 JPY
[16:25:37] [OK] [REAL-ORDER] SHORT orderId=8777116930 @ 9,815,119 JPY  size=0.0010 BTC  pending=True
[16:25:39] [OK] real entry cancel accepted: orderId=8777116930 context=IMBALANCE_REVERSAL
[+] [16:25:39] SELL(MAKER)  萓｡譬ｼ:     9,815,119 蜀・ 謨ｰ驥・ 0.001000 BTC  謳咲寢: +         0 蜀・ 謇区焚譁・ +0 蜀・ Imbalance: 96.0%  [CANCEL_ORDER]  | total_assets:        55,197 JPY  | realized_pnl:     +5,197 JPY
[16:25:39] [WARN] [ORDER-CANCEL]  side=SHORT  limit=9,815,119 JPY  imbalance=96.0%  cancel_reason=IMBALANCE_REVERSAL
[WARNING] [ALERT] circuit breaker safety stop
reason=order_rate_limit
triggered_at=2026-08-03T16:25:40
order_rate_limit_per_minute=5
recent_order_count=6
manual_stop.flag created
[Engine] manual stop requested and position is flat. entering PAUSED wait loop (process stays alive).
[PrivateWebSocketManager] 豁｣蟶ｸ蛻・妙 (code=None)
[PrivateWebSocketManager] 蜀肴磁邯壹Ν繝ｼ繝励ｒ邨ゆｺ・＠縺ｾ縺励◆縲・[PrivateWebSocketManager] ws-auth token 繧貞炎髯､縺励∪縺励◆縲・[WebSocketManager] 豁｣蟶ｸ蛻・妙 (code=None)
[WebSocketManager] 蜀肴磁邯壹Ν繝ｼ繝励ｒ邨ゆｺ・＠縺ｾ縺励◆縲・[Engine] manual_stop.flag cleared; resuming from PAUSED
[Engine] resumed to RUNNING
[PrivateWebSocketManager] ws-auth token 繧貞叙蠕励＠縺ｾ縺励◆縲・[WebSocketManager] 謗･邯壹＠縺ｾ縺励◆縲よ攸諠・ｱ繝ｻ邏・ｮ夐夂衍繧定ｳｼ隱ｭ髢句ｧ・..
[PrivateWebSocketManager] 謗･邯壹＠縺ｾ縺励◆縲ＦxecutionEvents/orderEvents 繧定ｳｼ隱ｭ髢句ｧ・..
[Maintenance] 繝｡繝ｳ繝・リ繝ｳ繧ｹ蛻ｶ髯舌ｒ隗｣髯､縲る壼ｸｸ蜿門ｼ輔ｒ蜀埼幕縺励∪縺吶・
