[OK] restored open position: side=LONG size=0.001000 entry=9,966,901 pending=False exit_target=9,981,851
[OK] startup reconcile: held position and SL order match
[OK] account integrity check: jpy_gap=0.00 tolerance=3,000
[Engine] 襍ｷ蜍墓凾繝昴ず繧ｷ繝ｧ繝ｳ: LONG size=0.001000 entry=9,966,901 pending=False
[Engine] started pid=1 config_version=default trading_mode=real profiles=1 maintenance_pre_action=close maintenance_prepare_minutes=5 order_rate_limit_per_minute=5 reconciliation_interval_minutes=5 daily_loss_limit_pct=0.1 trading_day_date=2026-08-03 daily_start_balance=55141 daily_realized_pnl=0
[WebSocketManager] 謗･邯壹＠縺ｾ縺励◆縲よ攸諠・ｱ繝ｻ邏・ｮ夐夂衍繧定ｳｼ隱ｭ髢句ｧ・..
[PrivateWebSocketManager] ws-auth token 繧貞叙蠕励＠縺ｾ縺励◆縲・[PrivateWebSocketManager] 謗･邯壹＠縺ｾ縺励◆縲ＦxecutionEvents/orderEvents 繧定ｳｼ隱ｭ髢句ｧ・..
[WARNING] [Maintenance] 螳壽悄繝｡繝ｳ繝・リ繝ｳ繧ｹ縺ｮ縺溘ａ蠕・ｩ滉ｸｭ・域ｯ取律 05:55-06:30 JST・峨・[06:03:12] [OK] [REAL-TP] cancelled SL orderId=8775331871
[06:03:12] [OK] [REAL-TP] MARKET closeOrder accepted orderId=8775517329 positionId=289599412
[PrivateWebSocketManager] executionEvents 蜿嶺ｿ｡
[WebSocketManager] 繧ｳ繝ｼ繝ｫ繝舌ャ繧ｯ萓句､・ GMO API error status=1 messages=[{'message_code': 'ERR-5008', 'message_string': 'Timestamp for this request is too late.'}]
[06:03:27] [OK] [REAL-TP] SL cancel benign (already done); skip market close orderId=8775331871 codes=['ERR-5122']
[06:03:27] [OK] [REAL-TP] SL cancel benign (already done); skip market close orderId=8775331871 codes=['ERR-5122']
[06:03:27] [OK] [REAL-TP] SL cancel benign (already done); skip market close orderId=8775331871 codes=['ERR-5122']
[06:03:27] [OK] [REAL-TP] SL cancel benign (already done); skip market close orderId=8775331871 codes=['ERR-5122']
[06:03:27] [OK] [REAL-TP] SL cancel benign (already done); skip market close orderId=8775331871 codes=['ERR-5122']
[06:03:27] [OK] [REAL-TP] SL cancel benign (already done); skip market close orderId=8775331871 codes=['ERR-5122']
[06:03:27] [OK] [REAL-TP] SL cancel benign (already done); skip market close orderId=8775331871 codes=['ERR-5122']
[06:03:27] [OK] [REAL-TP] SL cancel benign (already done); skip market close orderId=8775331871 codes=['ERR-5122']
[06:03:28] [OK] [REAL-TP] SL cancel benign (already done); skip market close orderId=8775331871 codes=['ERR-5122']
[06:03:28] [OK] [REAL-TP] SL cancel benign (already done); skip market close orderId=8775331871 codes=['ERR-5122']
[06:03:28] [OK] [REAL-TP] SL cancel benign (already done); skip market close orderId=8775331871 codes=['ERR-5122']
[06:03:28] [OK] [REAL-TP] SL cancel benign (already done); skip market close orderId=8775331871 codes=['ERR-5122']
[06:03:28] [OK] [REAL-TP] SL cancel benign (already done); skip market close orderId=8775331871 codes=['ERR-5122']
[06:03:28] [OK] [REAL-TP] SL cancel benign (already done); skip market close orderId=8775331871 codes=['ERR-5122']
[06:03:28] [OK] [REAL-TP] SL cancel benign (already done); skip market close orderId=8775331871 codes=['ERR-5122']
[06:03:28] [OK] [REAL-TP] SL cancel benign (already done); skip market close orderId=8775331871 codes=['ERR-5122']
[06:03:28] [OK] [REAL-TP] SL cancel benign (already done); skip market close orderId=8775331871 codes=['ERR-5122']
[06:03:28] [OK] [REAL-TP] SL cancel benign (already done); skip market close orderId=8775331871 codes=['ERR-5122']
[06:03:28] [OK] [REAL-TP] SL cancel benign (already done); skip market close orderId=8775331871 codes=['ERR-5122']
[06:03:28] [OK] [REAL-TP] SL cancel benign (already done); skip market close orderId=8775331871 codes=['ERR-5122']
[06:03:29] [OK] [REAL-TP] SL cancel benign (already done); skip market close orderId=8775331871 codes=['ERR-5122']
[06:03:29] [OK] [REAL-TP] SL cancel benign (already done); skip market close orderId=8775331871 codes=['ERR-5122']
[06:03:29] [OK] [REAL-TP] SL cancel benign (already done); skip market close orderId=8775331871 codes=['ERR-5122']
[06:03:29] [OK] [REAL-TP] SL cancel benign (already done); skip market close orderId=8775331871 codes=['ERR-5122']
[06:03:29] [OK] [REAL-TP] SL cancel benign (already done); skip market close orderId=8775331871 codes=['ERR-5122']
[06:03:29] [OK] [REAL-TP] SL cancel benign (already done); skip market close orderId=8775331871 codes=['ERR-5122']
[06:03:29] [OK] [REAL-TP] SL cancel benign (already done); skip market close orderId=8775331871 codes=['ERR-5122']
[06:03:29] [OK] [REAL-TP] SL cancel benign (already done); skip market close orderId=8775331871 codes=['ERR-5122']
[06:03:29] [OK] [REAL-TP] SL cancel benign (already done); skip market close orderId=8775331871 codes=['ERR-5122']
[06:03:29] [OK] [REAL-TP] SL cancel benign (already done); skip market close orderId=8775331871 codes=['ERR-5122']
[06:03:29] [OK] [REAL-TP] SL cancel benign (already done); skip market close orderId=8775331871 codes=['ERR-5122']
[06:03:29] [OK] [REAL-TP] SL cancel benign (already done); skip market close orderId=8775331871 codes=['ERR-5122']
[06:03:29] [OK] [REAL-TP] SL cancel benign (already done); skip market close orderId=8775331871 codes=['ERR-5122']
[06:03:30] [OK] [REAL-TP] SL cancel benign (already done); skip market close orderId=8775331871 codes=['ERR-5122']
[06:03:30] [OK] [REAL-TP] SL cancel benign (already done); skip market close orderId=8775331871 codes=['ERR-5122']
[06:03:30] [OK] [REAL-TP] SL cancel benign (already done); skip market close orderId=8775331871 codes=['ERR-5122']
[06:03:31] [OK] [REAL-TP] SL cancel benign (already done); skip market close orderId=8775331871 codes=['ERR-5122']
[06:03:31] [OK] [REAL-TP] SL cancel benign (already done); skip market close orderId=8775331871 codes=['ERR-5122']
[06:03:32] [OK] [REAL-TP] SL cancel benign (already done); skip market close orderId=8775331871 codes=['ERR-5122']
[06:03:32] [OK] [REAL-TP] SL cancel benign (already done); skip market close orderId=8775331871 codes=['ERR-5122']
[06:03:33] [OK] [REAL-TP] SL cancel benign (already done); skip market close orderId=8775331871 codes=['ERR-5122']
[06:03:33] [OK] [REAL-TP] SL cancel benign (already done); skip market close orderId=8775331871 codes=['ERR-5122']
[06:03:34] [OK] [REAL-TP] SL cancel benign (already done); skip market close orderId=8775331871 codes=['ERR-5122']
[06:03:34] [OK] [REAL-TP] SL cancel benign (already done); skip market close orderId=8775331871 codes=['ERR-5122']
[06:03:35] [OK] [REAL-TP] SL cancel benign (already done); skip market close orderId=8775331871 codes=['ERR-5122']
[06:03:35] [OK] [REAL-TP] SL cancel benign (already done); skip market close orderId=8775331871 codes=['ERR-5122']
[06:03:36] [OK] [REAL-TP] SL cancel benign (already done); skip market close orderId=8775331871 codes=['ERR-5122']
[06:03:36] [OK] [REAL-TP] SL cancel benign (already done); skip market close orderId=8775331871 codes=['ERR-5122']
[06:03:37] [OK] [REAL-TP] SL cancel benign (already done); skip market close orderId=8775331871 codes=['ERR-5122']
[06:03:38] [OK] [REAL-TP] SL cancel benign (already done); skip market close orderId=8775331871 codes=['ERR-5122']
[06:03:38] [OK] [REAL-TP] SL cancel benign (already done); skip market close orderId=8775331871 codes=['ERR-5122']
[06:03:39] [OK] [REAL-TP] SL cancel benign (already done); skip market close orderId=8775331871 codes=['ERR-5122']
[06:03:40] [OK] [REAL-TP] SL cancel benign (already done); skip market close orderId=8775331871 codes=['ERR-5122']
[06:03:40] [OK] [REAL-TP] SL cancel benign (already done); skip market close orderId=8775331871 codes=['ERR-5122']
[06:03:41] [OK] [REAL-TP] SL cancel benign (already done); skip market close orderId=8775331871 codes=['ERR-5122']
[06:03:41] [OK] [REAL-TP] SL cancel benign (already done); skip market close orderId=8775331871 codes=['ERR-5122']
[06:03:42] [OK] [REAL-TP] SL cancel benign (already done); skip market close orderId=8775331871 codes=['ERR-5122']
[06:03:42] [OK] [REAL-TP] SL cancel benign (already done); skip market close orderId=8775331871 codes=['ERR-5122']
[06:03:43] [OK] [REAL-TP] SL cancel benign (already done); skip market close orderId=8775331871 codes=['ERR-5122']
[06:03:43] [OK] [REAL-TP] SL cancel benign (already done); skip market close orderId=8775331871 codes=['ERR-5122']
[06:03:44] [OK] [REAL-TP] SL cancel benign (already done); skip market close orderId=8775331871 codes=['ERR-5122']
[06:03:45] [OK] [REAL-TP] SL cancel benign (already done); skip market close orderId=8775331871 codes=['ERR-5122']
[06:03:45] [OK] [REAL-TP] SL cancel benign (already done); skip market close orderId=8775331871 codes=['ERR-5122']
[06:03:46] [OK] [REAL-TP] SL cancel benign (already done); skip market close orderId=8775331871 codes=['ERR-5122']
[06:03:46] [OK] [REAL-TP] SL cancel benign (already done); skip market close orderId=8775331871 codes=['ERR-5122']
[06:03:47] [OK] [REAL-TP] SL cancel benign (already done); skip market close orderId=8775331871 codes=['ERR-5122']
[06:03:47] [OK] [REAL-TP] SL cancel benign (already done); skip market close orderId=8775331871 codes=['ERR-5122']
[06:03:48] [OK] [REAL-TP] SL cancel benign (already done); skip market close orderId=8775331871 codes=['ERR-5122']
[06:03:48] [OK] [REAL-TP] SL cancel benign (already done); skip market close orderId=8775331871 codes=['ERR-5122']
[06:03:49] [OK] [REAL-TP] SL cancel benign (already done); skip market close orderId=8775331871 codes=['ERR-5122']
[06:03:49] [OK] [REAL-TP] SL cancel benign (already done); skip market close orderId=8775331871 codes=['ERR-5122']
[06:03:50] [OK] [REAL-TP] SL cancel benign (already done); skip market close orderId=8775331871 codes=['ERR-5122']
[06:03:50] [OK] [REAL-TP] SL cancel benign (already done); skip market close orderId=8775331871 codes=['ERR-5122']
[06:03:51] [OK] [REAL-TP] SL cancel benign (already done); skip market close orderId=8775331871 codes=['ERR-5122']
[06:03:51] [OK] [REAL-TP] SL cancel benign (already done); skip market close orderId=8775331871 codes=['ERR-5122']
[06:03:52] [OK] [REAL-TP] SL cancel benign (already done); skip market close orderId=8775331871 codes=['ERR-5122']
[06:03:52] [OK] [REAL-TP] SL cancel benign (already done); skip market close orderId=8775331871 codes=['ERR-5122']
[06:03:53] [OK] [REAL-TP] SL cancel benign (already done); skip market close orderId=8775331871 codes=['ERR-5122']
[06:03:53] [OK] [REAL-TP] SL cancel benign (already done); skip market close orderId=8775331871 codes=['ERR-5122']
[06:03:54] [OK] [REAL-TP] SL cancel benign (already done); skip market close orderId=8775331871 codes=['ERR-5122']
[06:03:54] [OK] [REAL-TP] SL cancel benign (already done); skip market close orderId=8775331871 codes=['ERR-5122']
[06:03:55] [OK] [REAL-TP] SL cancel benign (already done); skip market close orderId=8775331871 codes=['ERR-5122']
[06:03:55] [OK] [REAL-TP] SL cancel benign (already done); skip market close orderId=8775331871 codes=['ERR-5122']
[06:03:56] [OK] [REAL-TP] SL cancel benign (already done); skip market close orderId=8775331871 codes=['ERR-5122']
[06:03:56] [OK] [REAL-TP] SL cancel benign (already done); skip market close orderId=8775331871 codes=['ERR-5122']
[06:03:57] [OK] [REAL-TP] SL cancel benign (already done); skip market close orderId=8775331871 codes=['ERR-5122']
[06:03:57] [OK] [REAL-TP] SL cancel benign (already done); skip market close orderId=8775331871 codes=['ERR-5122']
[06:03:58] [OK] [REAL-TP] SL cancel benign (already done); skip market close orderId=8775331871 codes=['ERR-5122']
[06:03:59] [OK] [REAL-TP] SL cancel benign (already done); skip market close orderId=8775331871 codes=['ERR-5122']
[06:03:59] [OK] [REAL-TP] SL cancel benign (already done); skip market close orderId=8775331871 codes=['ERR-5122']
[06:04:00] [OK] [REAL-TP] SL cancel benign (already done); skip market close orderId=8775331871 codes=['ERR-5122']
[06:04:00] [OK] [REAL-TP] SL cancel benign (already done); skip market close orderId=8775331871 codes=['ERR-5122']
[06:04:01] [OK] [REAL-TP] SL cancel benign (already done); skip market close orderId=8775331871 codes=['ERR-5122']
[06:04:01] [OK] [REAL-TP] SL cancel benign (already done); skip market close orderId=8775331871 codes=['ERR-5122']
[06:04:02] [OK] [REAL-TP] SL cancel benign (already done); skip market close orderId=8775331871 codes=['ERR-5122']
[06:04:02] [OK] [REAL-TP] SL cancel benign (already done); skip market close orderId=8775331871 codes=['ERR-5122']
[06:04:03] [OK] [REAL-TP] SL cancel benign (already done); skip market close orderId=8775331871 codes=['ERR-5122']
[06:04:03] [OK] [REAL-TP] SL cancel benign (already done); skip market close orderId=8775331871 codes=['ERR-5122']
[06:04:04] [OK] [REAL-TP] SL cancel benign (already done); skip market close orderId=8775331871 codes=['ERR-5122']
[06:04:04] [OK] [REAL-TP] SL cancel benign (already done); skip market close orderId=8775331871 codes=['ERR-5122']
[06:04:04] [OK] [REAL-TP] SL cancel benign (already done); skip market close orderId=8775331871 codes=['ERR-5122']
[06:04:05] [OK] [REAL-TP] SL cancel benign (already done); skip market close orderId=8775331871 codes=['ERR-5122']
[06:04:06] [OK] [REAL-TP] SL cancel benign (already done); skip market close orderId=8775331871 codes=['ERR-5122']
[06:04:06] [OK] [REAL-TP] SL cancel benign (already done); skip market close orderId=8775331871 codes=['ERR-5122']
[06:04:07] [OK] [REAL-TP] SL cancel benign (already done); skip market close orderId=8775331871 codes=['ERR-5122']
[06:04:08] [OK] [REAL-TP] SL cancel benign (already done); skip market close orderId=8775331871 codes=['ERR-5122']
[06:04:08] [OK] [REAL-TP] SL cancel benign (already done); skip market close orderId=8775331871 codes=['ERR-5122']
[06:04:09] [OK] [REAL-TP] SL cancel benign (already done); skip market close orderId=8775331871 codes=['ERR-5122']
[06:04:09] [OK] [REAL-TP] SL cancel benign (already done); skip market close orderId=8775331871 codes=['ERR-5122']
[06:04:10] [OK] [REAL-TP] SL cancel benign (already done); skip market close orderId=8775331871 codes=['ERR-5122']
[06:04:10] [OK] [REAL-TP] SL cancel benign (already done); skip market close orderId=8775331871 codes=['ERR-5122']
[06:04:11] [OK] [REAL-TP] SL cancel benign (already done); skip market close orderId=8775331871 codes=['ERR-5122']
[06:04:12] [OK] [REAL-TP] SL cancel benign (already done); skip market close orderId=8775331871 codes=['ERR-5122']
[06:04:12] [OK] [REAL-TP] SL cancel benign (already done); skip market close orderId=8775331871 codes=['ERR-5122']
[06:04:13] [OK] [REAL-TP] SL cancel benign (already done); skip market close orderId=8775331871 codes=['ERR-5122']
[06:04:13] [OK] [REAL-TP] SL cancel benign (already done); skip market close orderId=8775331871 codes=['ERR-5122']
[06:04:14] [OK] [REAL-TP] SL cancel benign (already done); skip market close orderId=8775331871 codes=['ERR-5122']
[06:04:14] [OK] [REAL-TP] SL cancel benign (already done); skip market close orderId=8775331871 codes=['ERR-5122']
[06:04:15] [OK] [REAL-TP] SL cancel benign (already done); skip market close orderId=8775331871 codes=['ERR-5122']
[06:04:15] [OK] [REAL-TP] SL cancel benign (already done); skip market close orderId=8775331871 codes=['ERR-5122']
[06:04:16] [OK] [REAL-TP] SL cancel benign (already done); skip market close orderId=8775331871 codes=['ERR-5122']
[06:04:16] [OK] [REAL-TP] SL cancel benign (already done); skip market close orderId=8775331871 codes=['ERR-5122']
[06:04:25] [OK] [REAL-TP] SL cancel benign (already done); skip market close orderId=8775331871 codes=['ERR-5122']
[06:04:25] [OK] [REAL-TP] SL cancel benign (already done); skip market close orderId=8775331871 codes=['ERR-5122']
[06:04:26] [OK] [REAL-TP] SL cancel benign (already done); skip market close orderId=8775331871 codes=['ERR-5122']
[06:04:26] [OK] [REAL-TP] SL cancel benign (already done); skip market close orderId=8775331871 codes=['ERR-5122']
[06:04:27] [OK] [REAL-TP] SL cancel benign (already done); skip market close orderId=8775331871 codes=['ERR-5122']
[06:04:27] [OK] [REAL-TP] SL cancel benign (already done); skip market close orderId=8775331871 codes=['ERR-5122']
[06:04:28] [OK] [REAL-TP] SL cancel benign (already done); skip market close orderId=8775331871 codes=['ERR-5122']
[06:04:29] [OK] [REAL-TP] SL cancel benign (already done); skip market close orderId=8775331871 codes=['ERR-5122']
[06:04:29] [OK] [REAL-TP] SL cancel benign (already done); skip market close orderId=8775331871 codes=['ERR-5122']
[06:04:29] [OK] [REAL-TP] SL cancel benign (already done); skip market close orderId=8775331871 codes=['ERR-5122']
[06:04:30] [OK] [REAL-TP] SL cancel benign (already done); skip market close orderId=8775331871 codes=['ERR-5122']
[06:04:31] [OK] [REAL-TP] SL cancel benign (already done); skip market close orderId=8775331871 codes=['ERR-5122']
[06:04:31] [OK] [REAL-TP] SL cancel benign (already done); skip market close orderId=8775331871 codes=['ERR-5122']
[06:04:32] [OK] [REAL-TP] SL cancel benign (already done); skip market close orderId=8775331871 codes=['ERR-5122']
[06:04:32] [OK] [REAL-TP] SL cancel benign (already done); skip market close orderId=8775331871 codes=['ERR-5122']
[06:04:33] [OK] [REAL-TP] SL cancel benign (already done); skip market close orderId=8775331871 codes=['ERR-5122']
[06:04:33] [OK] [REAL-TP] SL cancel benign (already done); skip market close orderId=8775331871 codes=['ERR-5122']
[06:04:34] [OK] [REAL-TP] SL cancel benign (already done); skip market close orderId=8775331871 codes=['ERR-5122']
[06:04:34] [OK] [REAL-TP] SL cancel benign (already done); skip market close orderId=8775331871 codes=['ERR-5122']
[06:04:35] [OK] [REAL-TP] SL cancel benign (already done); skip market close orderId=8775331871 codes=['ERR-5122']
[06:04:35] [OK] [REAL-TP] SL cancel benign (already done); skip market close orderId=8775331871 codes=['ERR-5122']
[06:04:36] [OK] [REAL-TP] SL cancel benign (already done); skip market close orderId=8775331871 codes=['ERR-5122']
[06:04:36] [OK] [REAL-TP] SL cancel benign (already done); skip market close orderId=8775331871 codes=['ERR-5122']
[06:04:37] [OK] [REAL-TP] SL cancel benign (already done); skip market close orderId=8775331871 codes=['ERR-5122']
[06:04:37] [OK] [REAL-TP] SL cancel benign (already done); skip market close orderId=8775331871 codes=['ERR-5122']
[06:04:38] [OK] [REAL-TP] SL cancel benign (already done); skip market close orderId=8775331871 codes=['ERR-5122']
[06:04:39] [OK] [REAL-TP] SL cancel benign (already done); skip market close orderId=8775331871 codes=['ERR-5122']
[06:04:39] [OK] [REAL-TP] SL cancel benign (already done); skip market close orderId=8775331871 codes=['ERR-5122']
[06:04:40] [OK] [REAL-TP] SL cancel benign (already done); skip market close orderId=8775331871 codes=['ERR-5122']
[06:04:40] [OK] [REAL-TP] SL cancel benign (already done); skip market close orderId=8775331871 codes=['ERR-5122']
[06:04:41] [OK] [REAL-TP] SL cancel benign (already done); skip market close orderId=8775331871 codes=['ERR-5122']
[06:04:42] [OK] [REAL-TP] SL cancel benign (already done); skip market close orderId=8775331871 codes=['ERR-5122']
[06:04:42] [OK] [REAL-TP] SL cancel benign (already done); skip market close orderId=8775331871 codes=['ERR-5122']
[06:04:43] [OK] [REAL-TP] SL cancel benign (already done); skip market close orderId=8775331871 codes=['ERR-5122']
[06:04:43] [OK] [REAL-TP] SL cancel benign (already done); skip market close orderId=8775331871 codes=['ERR-5122']
[06:04:44] [OK] [REAL-TP] SL cancel benign (already done); skip market close orderId=8775331871 codes=['ERR-5122']
[06:04:44] [OK] [REAL-TP] SL cancel benign (already done); skip market close orderId=8775331871 codes=['ERR-5122']
[06:04:45] [OK] [REAL-TP] SL cancel benign (already done); skip market close orderId=8775331871 codes=['ERR-5122']
[06:04:45] [OK] [REAL-TP] SL cancel benign (already done); skip market close orderId=8775331871 codes=['ERR-5122']
[06:04:46] [OK] [REAL-TP] SL cancel benign (already done); skip market close orderId=8775331871 codes=['ERR-5122']
[06:04:46] [OK] [REAL-TP] SL cancel benign (already done); skip market close orderId=8775331871 codes=['ERR-5122']
[06:04:47] [OK] [REAL-TP] SL cancel benign (already done); skip market close orderId=8775331871 codes=['ERR-5122']
[06:04:47] [OK] [REAL-TP] SL cancel benign (already done); skip market close orderId=8775331871 codes=['ERR-5122']
[06:04:48] [OK] [REAL-TP] SL cancel benign (already done); skip market close orderId=8775331871 codes=['ERR-5122']
[06:04:48] [OK] [REAL-TP] SL cancel benign (already done); skip market close orderId=8775331871 codes=['ERR-5122']
[06:04:49] [OK] [REAL-TP] SL cancel benign (already done); skip market close orderId=8775331871 codes=['ERR-5122']
[06:04:49] [OK] [REAL-TP] SL cancel benign (already done); skip market close orderId=8775331871 codes=['ERR-5122']
[06:04:50] [OK] [REAL-TP] SL cancel benign (already done); skip market close orderId=8775331871 codes=['ERR-5122']
[06:04:50] [OK] [REAL-TP] SL cancel benign (already done); skip market close orderId=8775331871 codes=['ERR-5122']
[06:04:51] [OK] [REAL-TP] SL cancel benign (already done); skip market close orderId=8775331871 codes=['ERR-5122']
[06:04:51] [OK] [REAL-TP] SL cancel benign (already done); skip market close orderId=8775331871 codes=['ERR-5122']
[06:04:52] [OK] [REAL-TP] SL cancel benign (already done); skip market close orderId=8775331871 codes=['ERR-5122']
[06:04:52] [OK] [REAL-TP] SL cancel benign (already done); skip market close orderId=8775331871 codes=['ERR-5122']
[06:04:53] [OK] [REAL-TP] SL cancel benign (already done); skip market close orderId=8775331871 codes=['ERR-5122']
[06:04:53] [OK] [REAL-TP] SL cancel benign (already done); skip market close orderId=8775331871 codes=['ERR-5122']
[06:04:54] [OK] [REAL-TP] SL cancel benign (already done); skip market close orderId=8775331871 codes=['ERR-5122']
[06:04:54] [OK] [REAL-TP] SL cancel benign (already done); skip market close orderId=8775331871 codes=['ERR-5122']
[06:04:55] [OK] [REAL-TP] SL cancel benign (already done); skip market close orderId=8775331871 codes=['ERR-5122']
[06:04:55] [OK] [REAL-TP] SL cancel benign (already done); skip market close orderId=8775331871 codes=['ERR-5122']
[06:04:56] [OK] [REAL-TP] SL cancel benign (already done); skip market close orderId=8775331871 codes=['ERR-5122']
[06:04:56] [OK] [REAL-TP] SL cancel benign (already done); skip market close orderId=8775331871 codes=['ERR-5122']
[06:04:57] [OK] [REAL-TP] SL cancel benign (already done); skip market close orderId=8775331871 codes=['ERR-5122']
[06:04:57] [OK] [REAL-TP] SL cancel benign (already done); skip market close orderId=8775331871 codes=['ERR-5122']
[06:04:58] [OK] [REAL-TP] SL cancel benign (already done); skip market close orderId=8775331871 codes=['ERR-5122']
[06:04:58] [OK] [REAL-TP] SL cancel benign (already done); skip market close orderId=8775331871 codes=['ERR-5122']
[06:04:59] [OK] [REAL-TP] SL cancel benign (already done); skip market close orderId=8775331871 codes=['ERR-5122']
[06:04:59] [OK] [REAL-TP] SL cancel benign (already done); skip market close orderId=8775331871 codes=['ERR-5122']
[06:05:00] [OK] [REAL-TP] SL cancel benign (already done); skip market close orderId=8775331871 codes=['ERR-5122']
[06:05:00] [OK] [REAL-TP] SL cancel benign (already done); skip market close orderId=8775331871 codes=['ERR-5122']
[06:05:00] [OK] [REAL-TP] SL cancel benign (already done); skip market close orderId=8775331871 codes=['ERR-5122']
[06:05:01] [OK] [REAL-TP] SL cancel benign (already done); skip market close orderId=8775331871 codes=['ERR-5122']
[06:05:01] [OK] [REAL-TP] SL cancel benign (already done); skip market close orderId=8775331871 codes=['ERR-5122']
[06:05:02] [OK] [REAL-TP] SL cancel benign (already done); skip market close orderId=8775331871 codes=['ERR-5122']
[06:05:02] [OK] [REAL-TP] SL cancel benign (already done); skip market close orderId=8775331871 codes=['ERR-5122']
[06:05:03] [OK] [REAL-TP] SL cancel benign (already done); skip market close orderId=8775331871 codes=['ERR-5122']
[06:05:03] [OK] [REAL-TP] SL cancel benign (already done); skip market close orderId=8775331871 codes=['ERR-5122']
[06:05:04] [OK] [REAL-TP] SL cancel benign (already done); skip market close orderId=8775331871 codes=['ERR-5122']
[06:05:04] [OK] [REAL-TP] SL cancel benign (already done); skip market close orderId=8775331871 codes=['ERR-5122']
[06:05:05] [OK] [REAL-TP] SL cancel benign (already done); skip market close orderId=8775331871 codes=['ERR-5122']
[06:05:05] [OK] [REAL-TP] SL cancel benign (already done); skip market close orderId=8775331871 codes=['ERR-5122']
[06:05:06] [OK] [REAL-TP] SL cancel benign (already done); skip market close orderId=8775331871 codes=['ERR-5122']
[06:05:06] [OK] [REAL-TP] SL cancel benign (already done); skip market close orderId=8775331871 codes=['ERR-5122']
[06:05:07] [OK] [REAL-TP] SL cancel benign (already done); skip market close orderId=8775331871 codes=['ERR-5122']
[06:05:07] [OK] [REAL-TP] SL cancel benign (already done); skip market close orderId=8775331871 codes=['ERR-5122']
[06:05:08] [OK] [REAL-TP] SL cancel benign (already done); skip market close orderId=8775331871 codes=['ERR-5122']
[WARN] [Reconciliation] 蜿｣蠎ｧ荳堺ｸ閾ｴ繧呈､懃衍・・蝗樒岼・峨・position_diff=0.001000 BTC balance_diff=6 JPY 谺｡蝗槭ｂ荳堺ｸ閾ｴ縺ｪ繧・manual_stop 繧堤匱蜍輔＠縺ｾ縺吶・[06:05:08] [OK] [REAL-TP] SL cancel benign (already done); skip market close orderId=8775331871 codes=['ERR-5122']
[06:05:09] [OK] [REAL-TP] SL cancel benign (already done); skip market close orderId=8775331871 codes=['ERR-5122']
[06:05:10] [OK] [REAL-TP] SL cancel benign (already done); skip market close orderId=8775331871 codes=['ERR-5122']
[06:05:10] [OK] [REAL-TP] SL cancel benign (already done); skip market close orderId=8775331871 codes=['ERR-5122']
[06:05:11] [OK] [REAL-TP] SL cancel benign (already done); skip market close orderId=8775331871 codes=['ERR-5122']
[06:05:11] [OK] [REAL-TP] SL cancel benign (already done); skip market close orderId=8775331871 codes=['ERR-5122']
[06:05:12] [OK] [REAL-TP] SL cancel benign (already done); skip market close orderId=8775331871 codes=['ERR-5122']
[06:05:12] [OK] [REAL-TP] SL cancel benign (already done); skip market close orderId=8775331871 codes=['ERR-5122']
[06:05:13] [OK] [REAL-TP] SL cancel benign (already done); skip market close orderId=8775331871 codes=['ERR-5122']
[06:05:13] [OK] [REAL-TP] SL cancel benign (already done); skip market close orderId=8775331871 codes=['ERR-5122']
[06:05:14] [OK] [REAL-TP] SL cancel benign (already done); skip market close orderId=8775331871 codes=['ERR-5122']
[06:05:14] [OK] [REAL-TP] SL cancel benign (already done); skip market close orderId=8775331871 codes=['ERR-5122']
[06:05:15] [OK] [REAL-TP] SL cancel benign (already done); skip market close orderId=8775331871 codes=['ERR-5122']
[06:05:15] [OK] [REAL-TP] SL cancel benign (already done); skip market close orderId=8775331871 codes=['ERR-5122']
[06:05:15] [OK] [REAL-TP] SL cancel benign (already done); skip market close orderId=8775331871 codes=['ERR-5122']
[06:05:16] [OK] [REAL-TP] SL cancel benign (already done); skip market close orderId=8775331871 codes=['ERR-5122']
[06:05:16] [OK] [REAL-TP] SL cancel benign (already done); skip market close orderId=8775331871 codes=['ERR-5122']
[06:05:17] [OK] [REAL-TP] SL cancel benign (already done); skip market close orderId=8775331871 codes=['ERR-5122']
[06:05:17] [OK] [REAL-TP] SL cancel benign (already done); skip market close orderId=8775331871 codes=['ERR-5122']
[06:05:18] [OK] [REAL-TP] SL cancel benign (already done); skip market close orderId=8775331871 codes=['ERR-5122']
[06:05:18] [OK] [REAL-TP] SL cancel benign (already done); skip market close orderId=8775331871 codes=['ERR-5122']
[06:05:19] [OK] [REAL-TP] SL cancel benign (already done); skip market close orderId=8775331871 codes=['ERR-5122']
[06:05:19] [OK] [REAL-TP] SL cancel benign (already done); skip market close orderId=8775331871 codes=['ERR-5122']
[06:05:20] [OK] [REAL-TP] SL cancel benign (already done); skip market close orderId=8775331871 codes=['ERR-5122']
[06:05:20] [OK] [REAL-TP] SL cancel benign (already done); skip market close orderId=8775331871 codes=['ERR-5122']
[06:05:20] [OK] [REAL-TP] SL cancel benign (already done); skip market close orderId=8775331871 codes=['ERR-5122']
[06:05:21] [OK] [REAL-TP] SL cancel benign (already done); skip market close orderId=8775331871 codes=['ERR-5122']
[06:05:21] [OK] [REAL-TP] SL cancel benign (already done); skip market close orderId=8775331871 codes=['ERR-5122']
[06:05:22] [OK] [REAL-TP] SL cancel benign (already done); skip market close orderId=8775331871 codes=['ERR-5122']
[06:05:22] [OK] [REAL-TP] SL cancel benign (already done); skip market close orderId=8775331871 codes=['ERR-5122']
[06:05:23] [OK] [REAL-TP] SL cancel benign (already done); skip market close orderId=8775331871 codes=['ERR-5122']
[06:05:23] [OK] [REAL-TP] SL cancel benign (already done); skip market close orderId=8775331871 codes=['ERR-5122']
[CRITICAL] REAL MODE BOARD TP SL CANCEL FAILED
detail=SL cancel failed; position may be unprotected
side=LONG
position_id=289599412
sl_order_id=8775331871
error=GMO API error status=1 messages=[{'message_code': 'ERR-5008', 'message_string': 'Timestamp for this request is too late.'}]
[06:05:40] [OK] [REAL-TP] SL cancel benign (already done); skip market close orderId=8775331871 codes=['ERR-5122']
[06:05:40] [OK] [REAL-TP] SL cancel benign (already done); skip market close orderId=8775331871 codes=['ERR-5122']
[06:05:40] [OK] [REAL-TP] SL cancel benign (already done); skip market close orderId=8775331871 codes=['ERR-5122']
[06:05:40] [OK] [REAL-TP] SL cancel benign (already done); skip market close orderId=8775331871 codes=['ERR-5122']
[06:05:40] [OK] [REAL-TP] SL cancel benign (already done); skip market close orderId=8775331871 codes=['ERR-5122']
[06:05:40] [OK] [REAL-TP] SL cancel benign (already done); skip market close orderId=8775331871 codes=['ERR-5122']
[06:05:40] [OK] [REAL-TP] SL cancel benign (already done); skip market close orderId=8775331871 codes=['ERR-5122']
[06:05:40] [OK] [REAL-TP] SL cancel benign (already done); skip market close orderId=8775331871 codes=['ERR-5122']
[06:05:40] [OK] [REAL-TP] SL cancel benign (already done); skip market close orderId=8775331871 codes=['ERR-5122']
[06:05:41] [OK] [REAL-TP] SL cancel benign (already done); skip market close orderId=8775331871 codes=['ERR-5122']
[06:05:41] [OK] [REAL-TP] SL cancel benign (already done); skip market close orderId=8775331871 codes=['ERR-5122']
[06:05:41] [OK] [REAL-TP] SL cancel benign (already done); skip market close orderId=8775331871 codes=['ERR-5122']
