[SKIP] entry blocked by cooldown: side=BUY price=9,841,301 elapsed=3.935 cooldown_sec=5
[SKIP] entry blocked by cooldown: side=BUY price=9,842,000 elapsed=4.950 cooldown_sec=5
[+] [12:50:42] BUY (MAKER)  萓｡譬ｼ:     9,842,000 蜀・ 謨ｰ驥・ 0.001000 BTC  謳咲寢: +         0 蜀・ 謇区焚譁・ +0 蜀・ Imbalance: 69.2%  [ENTRY_PENDING]  | total_assets:        55,203 JPY  | realized_pnl:     +5,203 JPY
[12:50:42] [OK] [REAL-ORDER] LONG orderId=8776574032 @ 9,842,000 JPY  size=0.0010 BTC  pending=True
[PrivateWebSocketManager] executionEvents 蜿嶺ｿ｡
[+] [12:50:43] BUY (MAKER)  萓｡譬ｼ:     9,842,000 蜀・ 謨ｰ驥・ 0.001000 BTC  謳咲寢: +         0 蜀・ 謇区焚譁・ +0 蜀・ Imbalance: 97.3%  [ENTRY]  | total_assets:        55,203 JPY  | realized_pnl:     +5,203 JPY
[12:50:43] [OK] [REAL-FILL] LONG orderId=8776574032 positionId=289645371 @ 9,842,000 JPY  size=0.0010 BTC  TP target: 9,856,763 JPY
[12:50:43] [OK] [REAL-SL] LONG orderId=8776574037 side=SELL STOP closeOrder @ 9,827,237 size=0.0010 positionId=289645371
[PrivateWebSocketManager] executionEvents 蜿嶺ｿ｡
[-] [13:00:02] SELL(TAKER)  萓｡譬ｼ:     9,825,024 蜀・ 謨ｰ驥・ 0.001000 BTC  謳咲寢:        -17 蜀・ 謇区焚譁・ +0 蜀・ Imbalance: 69.0%  [STOP_LOSS]  | total_assets:        55,186 JPY  | realized_pnl:     +5,186 JPY
[13:00:02] [OK] [REAL-EXIT] STOP_LOSS @ 9,825,024 JPY  size=0.0010 BTC  pnl=-17 JPY
[13:00:02] [OK] [REAL-SL] synced jpy_balance from equity_jpy=55,186
[13:00:18] [SKIP] trade size calc failed (real account balance unavailable): GMO API error status=1 messages=[{'message_code': 'ERR-5008', 'message_string': 'Timestamp for this request is too late.'}]
[13:00:18] [SKIP] trade size calc failed (real account balance unavailable): GMO API error status=1 messages=[{'message_code': 'ERR-5008', 'message_string': 'Timestamp for this request is too late.'}]
[13:00:18] [SKIP] trade size calc failed (real account balance unavailable): GMO API error status=1 messages=[{'message_code': 'ERR-5008', 'message_string': 'Timestamp for this request is too late.'}]
[13:00:18] [SKIP] trade size calc failed (real account balance unavailable): GMO API error status=1 messages=[{'message_code': 'ERR-5008', 'message_string': 'Timestamp for this request is too late.'}]
[13:00:18] [SKIP] trade size calc failed (real account balance unavailable): GMO API error status=1 messages=[{'message_code': 'ERR-5008', 'message_string': 'Timestamp for this request is too late.'}]
[13:00:18] [SKIP] trade size calc failed (real account balance unavailable): GMO API error status=1 messages=[{'message_code': 'ERR-5008', 'message_string': 'Timestamp for this request is too late.'}]
[+] [13:00:19] SELL(MAKER)  萓｡譬ｼ:     9,835,000 蜀・ 謨ｰ驥・ 0.001000 BTC  謳咲寢: +         0 蜀・ 謇区焚譁・ +0 蜀・ Imbalance: 41.1%  [ENTRY_PENDING]  | total_assets:        55,186 JPY  | realized_pnl:     +5,186 JPY
[13:00:19] [OK] [REAL-ORDER] SHORT orderId=8776599623 @ 9,835,000 JPY  size=0.0010 BTC  pending=True
[13:00:19] [OK] real entry cancel accepted: orderId=8776599623 context=IMBALANCE_REVERSAL
[+] [13:00:19] SELL(MAKER)  萓｡譬ｼ:     9,835,000 蜀・ 謨ｰ驥・ 0.001000 BTC  謳咲寢: +         0 蜀・ 謇区焚譁・ +0 蜀・ Imbalance: 4.6%  [CANCEL_ORDER]  | total_assets:        55,186 JPY  | realized_pnl:     +5,186 JPY
[13:00:19] [WARN] [ORDER-CANCEL]  side=SHORT  limit=9,835,000 JPY  imbalance=4.6%  cancel_reason=IMBALANCE_REVERSAL
[SKIP] entry blocked by imbalance any-side cooldown: elapsed=0.002 cooldown_sec=1.5
[SKIP] entry blocked by imbalance any-side cooldown: elapsed=0.003 cooldown_sec=1.5
[SKIP] entry blocked by imbalance any-side cooldown: elapsed=0.004 cooldown_sec=1.5
[SKIP] entry blocked by imbalance any-side cooldown: elapsed=0.006 cooldown_sec=1.5
[SKIP] entry blocked by imbalance any-side cooldown: elapsed=0.007 cooldown_sec=1.5
[SKIP] entry blocked by imbalance any-side cooldown: elapsed=0.008 cooldown_sec=1.5
[SKIP] entry blocked by imbalance any-side cooldown: elapsed=0.013 cooldown_sec=1.5
[SKIP] entry blocked by imbalance any-side cooldown: elapsed=0.015 cooldown_sec=1.5
[SKIP] entry blocked by imbalance any-side cooldown: elapsed=0.017 cooldown_sec=1.5
[SKIP] entry blocked by imbalance any-side cooldown: elapsed=0.166 cooldown_sec=1.5
[SKIP] entry blocked by imbalance any-side cooldown: elapsed=0.335 cooldown_sec=1.5
[SKIP] entry blocked by imbalance any-side cooldown: elapsed=0.841 cooldown_sec=1.5
[SKIP] entry blocked by imbalance any-side cooldown: elapsed=1.348 cooldown_sec=1.5
[+] [13:00:21] BUY (MAKER)  萓｡譬ｼ:     9,828,000 蜀・ 謨ｰ驥・ 0.001000 BTC  謳咲寢: +         0 蜀・ 謇区焚譁・ +0 蜀・ Imbalance: 55.6%  [ENTRY_PENDING]  | total_assets:        55,186 JPY  | realized_pnl:     +5,186 JPY
[13:00:21] [OK] [REAL-ORDER] LONG orderId=8776599628 @ 9,828,000 JPY  size=0.0010 BTC  pending=True
[13:00:26] [OK] real entry cancel benign and no open position; treat as cancelled orderId=8776599628 context=IMBALANCE_REVERSAL
[+] [13:00:26] BUY (MAKER)  萓｡譬ｼ:     9,828,000 蜀・ 謨ｰ驥・ 0.001000 BTC  謳咲寢: +         0 蜀・ 謇区焚譁・ +0 蜀・ Imbalance: 0.1%  [CANCEL_ORDER]  | total_assets:        55,186 JPY  | realized_pnl:     +5,186 JPY
[13:00:26] [WARN] [ORDER-CANCEL]  side=LONG  limit=9,828,000 JPY  imbalance=0.1%  cancel_reason=IMBALANCE_REVERSAL
[SKIP] entry blocked by imbalance any-side cooldown: elapsed=0.351 cooldown_sec=1.5
[SKIP] entry blocked by imbalance any-side cooldown: elapsed=0.857 cooldown_sec=1.5
[SKIP] entry blocked by imbalance any-side cooldown: elapsed=1.363 cooldown_sec=1.5
[+] [13:00:28] SELL(MAKER)  萓｡譬ｼ:     9,831,359 蜀・ 謨ｰ驥・ 0.001000 BTC  謳咲寢: +         0 蜀・ 謇区焚譁・ +0 蜀・ Imbalance: 0.1%  [ENTRY_PENDING]  | total_assets:        55,186 JPY  | realized_pnl:     +5,186 JPY
[13:00:28] [OK] [REAL-ORDER] SHORT orderId=8776599669 @ 9,831,359 JPY  size=0.0010 BTC  pending=True
[PrivateWebSocketManager] executionEvents 蜿嶺ｿ｡
[+] [13:00:40] SELL(MAKER)  萓｡譬ｼ:     9,831,359 蜀・ 謨ｰ驥・ 0.001000 BTC  謳咲寢: +         0 蜀・ 謇区焚譁・ +0 蜀・ Imbalance: 26.6%  [ENTRY]  | total_assets:        55,185 JPY  | realized_pnl:     +5,186 JPY
[13:00:40] [OK] [REAL-FILL] SHORT orderId=8776599669 positionId=289645402 @ 9,831,359 JPY  size=0.0010 BTC  TP target: 9,816,612 JPY
[13:00:40] [OK] [REAL-SL] SHORT orderId=8776599728 side=BUY STOP closeOrder @ 9,846,106 size=0.0010 positionId=289645402
[PrivateWebSocketManager] ws-auth token 繧貞ｻｶ髟ｷ縺励∪縺励◆縲・[PrivateWebSocketManager] executionEvents 蜿嶺ｿ｡
[-] [13:23:31] BUY (TAKER)  萓｡譬ｼ:     9,846,587 蜀・ 謨ｰ驥・ 0.001000 BTC  謳咲寢:        -15 蜀・ 謇区焚譁・ +0 蜀・ Imbalance: 99.9%  [STOP_LOSS]  | total_assets:        55,171 JPY  | realized_pnl:     +5,171 JPY
[13:23:31] [OK] [REAL-EXIT] STOP_LOSS @ 9,846,587 JPY  size=0.0010 BTC  pnl=-15 JPY
[13:23:31] [OK] [REAL-SL] synced jpy_balance from equity_jpy=55,170
[+] [13:23:31] BUY (MAKER)  萓｡譬ｼ:     9,847,804 蜀・ 謨ｰ驥・ 0.001000 BTC  謳咲寢: +         0 蜀・ 謇区焚譁・ +0 蜀・ Imbalance: 99.9%  [ENTRY_PENDING]  | total_assets:        55,170 JPY  | realized_pnl:     +5,170 JPY
[13:23:31] [OK] [REAL-ORDER] LONG orderId=8776654062 @ 9,847,804 JPY  size=0.0010 BTC  pending=True
[13:25:57] [OK] real entry cancel benign and no open position; treat as cancelled orderId=8776654062 context=IMBALANCE_REVERSAL
[+] [13:25:57] BUY (MAKER)  萓｡譬ｼ:     9,847,804 蜀・ 謨ｰ驥・ 0.001000 BTC  謳咲寢: +         0 蜀・ 謇区焚譁・ +0 蜀・ Imbalance: 4.9%  [CANCEL_ORDER]  | total_assets:        55,170 JPY  | realized_pnl:     +5,170 JPY
[13:25:57] [WARN] [ORDER-CANCEL]  side=LONG  limit=9,847,804 JPY  imbalance=4.9%  cancel_reason=IMBALANCE_REVERSAL
[SKIP] entry blocked by imbalance any-side cooldown: elapsed=0.327 cooldown_sec=1.5
[SKIP] entry blocked by imbalance any-side cooldown: elapsed=0.832 cooldown_sec=1.5
[SKIP] entry blocked by imbalance any-side cooldown: elapsed=1.337 cooldown_sec=1.5
[+] [13:25:59] SELL(MAKER)  萓｡譬ｼ:     9,849,839 蜀・ 謨ｰ驥・ 0.001000 BTC  謳咲寢: +         0 蜀・ 謇区焚譁・ +0 蜀・ Imbalance: 0.2%  [ENTRY_PENDING]  | total_assets:        55,170 JPY  | realized_pnl:     +5,170 JPY
[13:25:59] [OK] [REAL-ORDER] SHORT orderId=8776663379 @ 9,849,839 JPY  size=0.0010 BTC  pending=True
[13:29:12] [OK] real entry cancel accepted: orderId=8776663379 context=IMBALANCE_REVERSAL
[+] [13:29:16] SELL(MAKER)  萓｡譬ｼ:     9,849,839 蜀・ 謨ｰ驥・ 0.001000 BTC  謳咲寢: +         0 蜀・ 謇区焚譁・ +0 蜀・ Imbalance: 98.2%  [CANCEL_ORDER]  | total_assets:        55,170 JPY  | realized_pnl:     +5,170 JPY
[13:29:16] [WARN] [ORDER-CANCEL]  side=SHORT  limit=9,849,839 JPY  imbalance=98.2%  cancel_reason=IMBALANCE_REVERSAL
[SKIP] entry blocked by imbalance any-side cooldown: elapsed=0.001 cooldown_sec=1.5
[SKIP] entry blocked by imbalance any-side cooldown: elapsed=0.002 cooldown_sec=1.5
[SKIP] entry blocked by imbalance any-side cooldown: elapsed=0.003 cooldown_sec=1.5
[SKIP] entry blocked by imbalance any-side cooldown: elapsed=0.004 cooldown_sec=1.5
[SKIP] entry blocked by imbalance any-side cooldown: elapsed=0.005 cooldown_sec=1.5
[SKIP] entry blocked by imbalance any-side cooldown: elapsed=0.006 cooldown_sec=1.5
[SKIP] entry blocked by imbalance any-side cooldown: elapsed=0.006 cooldown_sec=1.5
[SKIP] entry blocked by imbalance any-side cooldown: elapsed=0.007 cooldown_sec=1.5
[SKIP] entry blocked by imbalance any-side cooldown: elapsed=0.008 cooldown_sec=1.5
[SKIP] entry blocked by imbalance any-side cooldown: elapsed=0.982 cooldown_sec=1.5
[SKIP] entry blocked by cooldown: side=SELL price=9,852,639 elapsed=1.993 cooldown_sec=5
[SKIP] entry blocked by cooldown: side=SELL price=9,852,639 elapsed=2.496 cooldown_sec=5
[SKIP] entry blocked by cooldown: side=SELL price=9,852,639 elapsed=3.002 cooldown_sec=5
[SKIP] entry blocked by cooldown: side=SELL price=9,852,639 elapsed=3.583 cooldown_sec=5
[SKIP] entry blocked by cooldown: side=SELL price=9,852,639 elapsed=4.514 cooldown_sec=5
[+] [13:29:21] SELL(MAKER)  萓｡譬ｼ:     9,852,639 蜀・ 謨ｰ驥・ 0.001000 BTC  謳咲寢: +         0 蜀・ 謇区焚譁・ +0 蜀・ Imbalance: 0.2%  [ENTRY_PENDING]  | total_assets:        55,170 JPY  | realized_pnl:     +5,170 JPY
[13:29:21] [OK] [REAL-ORDER] SHORT orderId=8776664092 @ 9,852,639 JPY  size=0.0010 BTC  pending=True
[13:30:23] [OK] real entry cancel accepted: orderId=8776664092 context=IMBALANCE_REVERSAL
[+] [13:30:24] SELL(MAKER)  萓｡譬ｼ:     9,852,639 蜀・ 謨ｰ驥・ 0.001000 BTC  謳咲寢: +         0 蜀・ 謇区焚譁・ +0 蜀・ Imbalance: 98.1%  [CANCEL_ORDER]  | total_assets:        55,170 JPY  | realized_pnl:     +5,170 JPY
[13:30:24] [WARN] [ORDER-CANCEL]  side=SHORT  limit=9,852,639 JPY  imbalance=98.1%  cancel_reason=IMBALANCE_REVERSAL
[SKIP] entry blocked by imbalance any-side cooldown: elapsed=0.403 cooldown_sec=1.5
[SKIP] entry blocked by imbalance any-side cooldown: elapsed=0.918 cooldown_sec=1.5
[SKIP] entry blocked by imbalance any-side cooldown: elapsed=1.425 cooldown_sec=1.5
[+] [13:30:26] BUY (MAKER)  萓｡譬ｼ:     9,852,640 蜀・ 謨ｰ驥・ 0.001000 BTC  謳咲寢: +         0 蜀・ 謇区焚譁・ +0 蜀・ Imbalance: 98.1%  [ENTRY_PENDING]  | total_assets:        55,170 JPY  | realized_pnl:     +5,170 JPY
[13:30:26] [OK] [REAL-ORDER] LONG orderId=8776676134 @ 9,852,640 JPY  size=0.0010 BTC  pending=True
[13:30:53] [OK] real entry cancel benign and no open position; treat as cancelled orderId=8776676134 context=IMBALANCE_REVERSAL
[+] [13:30:53] BUY (MAKER)  萓｡譬ｼ:     9,852,640 蜀・ 謨ｰ驥・ 0.001000 BTC  謳咲寢: +         0 蜀・ 謇区焚譁・ +0 蜀・ Imbalance: 6.5%  [CANCEL_ORDER]  | total_assets:        55,170 JPY  | realized_pnl:     +5,170 JPY
[13:30:53] [WARN] [ORDER-CANCEL]  side=LONG  limit=9,852,640 JPY  imbalance=6.5%  cancel_reason=IMBALANCE_REVERSAL
[SKIP] entry blocked by imbalance any-side cooldown: elapsed=0.359 cooldown_sec=1.5
[SKIP] entry blocked by imbalance any-side cooldown: elapsed=0.869 cooldown_sec=1.5
[SKIP] entry blocked by imbalance any-side cooldown: elapsed=1.379 cooldown_sec=1.5
[SKIP] entry blocked by cooldown: side=BUY price=9,851,610 elapsed=2.895 cooldown_sec=5
[SKIP] entry blocked by cooldown: side=BUY price=9,851,610 elapsed=3.401 cooldown_sec=5
[SKIP] entry blocked by cooldown: side=BUY price=9,851,610 elapsed=3.917 cooldown_sec=5
[SKIP] entry blocked by cooldown: side=BUY price=9,851,610 elapsed=4.427 cooldown_sec=5
[SKIP] entry blocked by cooldown: side=BUY price=9,851,610 elapsed=4.935 cooldown_sec=5
[+] [13:30:59] BUY (MAKER)  萓｡譬ｼ:     9,851,610 蜀・ 謨ｰ驥・ 0.001000 BTC  謳咲寢: +         0 蜀・ 謇区焚譁・ +0 蜀・ Imbalance: 88.0%  [ENTRY_PENDING]  | total_assets:        55,170 JPY  | realized_pnl:     +5,170 JPY
[13:30:59] [OK] [REAL-ORDER] LONG orderId=8776676258 @ 9,851,610 JPY  size=0.0010 BTC  pending=True
[13:31:09] [OK] real entry cancel benign and no open position; treat as cancelled orderId=8776676258 context=IMBALANCE_REVERSAL
[+] [13:31:09] BUY (MAKER)  萓｡譬ｼ:     9,851,610 蜀・ 謨ｰ驥・ 0.001000 BTC  謳咲寢: +         0 蜀・ 謇区焚譁・ +0 蜀・ Imbalance: 5.5%  [CANCEL_ORDER]  | total_assets:        55,170 JPY  | realized_pnl:     +5,170 JPY
[13:31:09] [WARN] [ORDER-CANCEL]  side=LONG  limit=9,851,610 JPY  imbalance=5.5%  cancel_reason=IMBALANCE_REVERSAL
[+] [13:31:18] BUY (MAKER)  萓｡譬ｼ:     9,850,689 蜀・ 謨ｰ驥・ 0.001000 BTC  謳咲寢: +         0 蜀・ 謇区焚譁・ +0 蜀・ Imbalance: 98.1%  [ENTRY_PENDING]  | total_assets:        55,170 JPY  | realized_pnl:     +5,170 JPY
[13:31:18] [OK] [REAL-ORDER] LONG orderId=8776676327 @ 9,850,689 JPY  size=0.0010 BTC  pending=True
[13:32:22] [OK] real entry cancel benign and no open position; treat as cancelled orderId=8776676327 context=IMBALANCE_REVERSAL
[+] [13:32:22] BUY (MAKER)  萓｡譬ｼ:     9,850,689 蜀・ 謨ｰ驥・ 0.001000 BTC  謳咲寢: +         0 蜀・ 謇区焚譁・ +0 蜀・ Imbalance: 17.6%  [CANCEL_ORDER]  | total_assets:        55,170 JPY  | realized_pnl:     +5,170 JPY
[13:32:22] [WARN] [ORDER-CANCEL]  side=LONG  limit=9,850,689 JPY  imbalance=17.6%  cancel_reason=IMBALANCE_REVERSAL
[SKIP] entry blocked by imbalance any-side cooldown: elapsed=0.321 cooldown_sec=1.5
[SKIP] entry blocked by imbalance any-side cooldown: elapsed=0.481 cooldown_sec=1.5
[SKIP] entry blocked by imbalance any-side cooldown: elapsed=0.828 cooldown_sec=1.5
[SKIP] entry blocked by cooldown: side=BUY price=9,853,001 elapsed=1.839 cooldown_sec=5
[SKIP] entry blocked by cooldown: side=BUY price=9,853,001 elapsed=2.345 cooldown_sec=5
[SKIP] entry blocked by cooldown: side=BUY price=9,853,002 elapsed=3.353 cooldown_sec=5
[SKIP] entry blocked by cooldown: side=BUY price=9,853,002 elapsed=3.859 cooldown_sec=5
[SKIP] entry blocked by cooldown: side=BUY price=9,853,002 elapsed=4.366 cooldown_sec=5
[SKIP] entry blocked by cooldown: side=BUY price=9,853,002 elapsed=4.870 cooldown_sec=5
[+] [13:32:28] SELL(MAKER)  萓｡譬ｼ:     9,853,199 蜀・ 謨ｰ驥・ 0.001000 BTC  謳咲寢: +         0 蜀・ 謇区焚譁・ +0 蜀・ Imbalance: 9.2%  [ENTRY_PENDING]  | total_assets:        55,170 JPY  | realized_pnl:     +5,170 JPY
[13:32:28] [OK] [REAL-ORDER] SHORT orderId=8776676579 @ 9,853,199 JPY  size=0.0010 BTC  pending=True
[13:32:32] [OK] real entry cancel accepted: orderId=8776676579 context=IMBALANCE_REVERSAL
[+] [13:32:32] SELL(MAKER)  萓｡譬ｼ:     9,853,199 蜀・ 謨ｰ驥・ 0.001000 BTC  謳咲寢: +         0 蜀・ 謇区焚譁・ +0 蜀・ Imbalance: 92.4%  [CANCEL_ORDER]  | total_assets:        55,170 JPY  | realized_pnl:     +5,170 JPY
[13:32:32] [WARN] [ORDER-CANCEL]  side=SHORT  limit=9,853,199 JPY  imbalance=92.4%  cancel_reason=IMBALANCE_REVERSAL
[SKIP] entry blocked by imbalance any-side cooldown: elapsed=0.139 cooldown_sec=1.5
[SKIP] entry blocked by imbalance any-side cooldown: elapsed=0.937 cooldown_sec=1.5
[SKIP] entry blocked by imbalance any-side cooldown: elapsed=1.442 cooldown_sec=1.5
[SKIP] entry blocked by cooldown: side=SELL price=9,854,319 elapsed=2.959 cooldown_sec=5
[SKIP] entry blocked by cooldown: side=SELL price=9,854,319 elapsed=4.475 cooldown_sec=5
[SKIP] entry blocked by cooldown: side=SELL price=9,854,319 elapsed=4.981 cooldown_sec=5
[+] [13:32:41] SELL(MAKER)  萓｡譬ｼ:     9,853,759 蜀・ 謨ｰ驥・ 0.001000 BTC  謳咲寢: +         0 蜀・ 謇区焚譁・ +0 蜀・ Imbalance: 33.7%  [ENTRY_PENDING]  | total_assets:        55,170 JPY  | realized_pnl:     +5,170 JPY
[13:32:41] [OK] [REAL-ORDER] SHORT orderId=8776676625 @ 9,853,759 JPY  size=0.0010 BTC  pending=True
[13:32:52] [OK] real entry cancel accepted: orderId=8776676625 context=IMBALANCE_REVERSAL
[+] [13:32:52] SELL(MAKER)  萓｡譬ｼ:     9,853,759 蜀・ 謨ｰ驥・ 0.001000 BTC  謳咲寢: +         0 蜀・ 謇区焚譁・ +0 蜀・ Imbalance: 91.6%  [CANCEL_ORDER]  | total_assets:        55,170 JPY  | realized_pnl:     +5,170 JPY
[13:32:52] [WARN] [ORDER-CANCEL]  side=SHORT  limit=9,853,759 JPY  imbalance=91.6%  cancel_reason=IMBALANCE_REVERSAL
[+] [13:33:03] SELL(MAKER)  萓｡譬ｼ:     9,853,759 蜀・ 謨ｰ驥・ 0.001000 BTC  謳咲寢: +         0 蜀・ 謇区焚譁・ +0 蜀・ Imbalance: 38.2%  [ENTRY_PENDING]  | total_assets:        55,170 JPY  | realized_pnl:     +5,170 JPY
[13:33:03] [OK] [REAL-ORDER] SHORT orderId=8776676693 @ 9,853,759 JPY  size=0.0010 BTC  pending=True
