[2026-08-03 16:00:04] [INFO] [orphan_orders_check] No orphan orders. active=1 known=2
[2026-08-03 16:00:04] [INFO] [orphan_orders_check] orphan order check finished: ok
[2026-08-03 16:00:04] [INFO] [orphan_orders_check] check_orphan_orders.py completed successfully
[2026-08-03 16:00:04] [INFO] [orphan_orders_check] Lock file removed.
[2026-08-03 16:05:03] [INFO] [orphan_orders_check] Running check_orphan_orders.py
[2026-08-03 16:05:03] [INFO] [orphan_orders_check] known order ids from live_state: [8777040769]
[2026-08-03 16:05:03] [INFO] [orphan_orders_check] No orphan orders. active=1 known=1
[2026-08-03 16:05:03] [INFO] [orphan_orders_check] orphan order check finished: ok
[2026-08-03 16:05:03] [INFO] [orphan_orders_check] check_orphan_orders.py completed successfully
[2026-08-03 16:05:03] [INFO] [orphan_orders_check] Lock file removed.
[2026-08-03 16:10:03] [INFO] [orphan_orders_check] Running check_orphan_orders.py
[2026-08-03 16:10:03] [INFO] [orphan_orders_check] known order ids from live_state: [8777065831]
[2026-08-03 16:10:18] [ERROR] [orphan_orders_check] Orphan order check failed: GMO API error status=1 messages=[{'message_code': 'ERR-5008', 'message_string': 'Timestamp for this request is too late.'}]
[2026-08-03 16:10:18] [ERROR] [orphan_orders_check] ERROR: check_orphan_orders.py failed (exit=1)
[2026-08-03 16:10:19] [INFO] [orphan_orders_check] Lock file removed.
[2026-08-03 16:15:01] [INFO] [orphan_orders_check] Running check_orphan_orders.py
[2026-08-03 16:15:01] [INFO] [orphan_orders_check] known order ids from live_state: [8777076705]
[2026-08-03 16:15:01] [INFO] [orphan_orders_check] No orphan orders. active=1 known=1
[2026-08-03 16:15:01] [INFO] [orphan_orders_check] orphan order check finished: ok
[2026-08-03 16:15:01] [INFO] [orphan_orders_check] check_orphan_orders.py completed successfully
[2026-08-03 16:15:01] [INFO] [orphan_orders_check] Lock file removed.
[2026-08-03 16:20:03] [INFO] [orphan_orders_check] Running check_orphan_orders.py
[2026-08-03 16:20:03] [INFO] [orphan_orders_check] known order ids from live_state: [8777098431]
[2026-08-03 16:20:03] [INFO] [orphan_orders_check] No orphan orders. active=1 known=1
[2026-08-03 16:20:03] [INFO] [orphan_orders_check] orphan order check finished: ok
[2026-08-03 16:20:03] [INFO] [orphan_orders_check] check_orphan_orders.py completed successfully
